###############################################################################
#
# IAR ELF Linker V8.11.2.13589/W32 for ARM                10/May/2018  20:43:56
# Copyright 2007-2017 IAR Systems AB.
#
#    Output file  =  
#        C:\Users\junio\Documents\Facul\Sistemas
#        Embarcados\git\sistemas-embarcados\Laboratório
#        2\exemplo1\ewarm\Exe\exemplo1.out
#    Map file     =  
#        C:\Users\junio\Documents\Facul\Sistemas
#        Embarcados\git\sistemas-embarcados\Laboratório
#        2\exemplo1\ewarm\List\exemplo1.map
#    Command line =  
#        -f C:\Users\junio\AppData\Local\Temp\EW78F7.tmp
#        ("C:\Users\junio\Documents\Facul\Sistemas
#        Embarcados\git\sistemas-embarcados\Laboratório
#        2\driverlib\ewarm\Exe\driverlib.a"
#        "C:\Users\junio\Documents\Facul\Sistemas
#        Embarcados\git\sistemas-embarcados\Laboratório
#        2\exemplo1\ewarm\Obj\main.o" "C:\Users\junio\Documents\Facul\Sistemas
#        Embarcados\git\sistemas-embarcados\Laboratório
#        2\exemplo1\ewarm\Obj\startup_ewarm.o" -o
#        "C:\Users\junio\Documents\Facul\Sistemas
#        Embarcados\git\sistemas-embarcados\Laboratório
#        2\exemplo1\ewarm\Exe\exemplo1.out" --map
#        "C:\Users\junio\Documents\Facul\Sistemas
#        Embarcados\git\sistemas-embarcados\Laboratório
#        2\exemplo1\ewarm\List\exemplo1.map" --config "C:\Program Files
#        (x86)\IAR Systems\Embedded Workbench
#        8.0\arm\config\linker\TexasInstruments\TM4C1294NC.icf" --semihosting
#        --entry __iar_program_start --vfe --text_out locale)
#
###############################################################################

*******************************************************************************
*** RUNTIME MODEL ATTRIBUTES
***

CppFlavor       = *
__SystemLibrary = DLib
__dlib_version  = 6


*******************************************************************************
*** HEAP SELECTION
***

The basic heap was selected because some modules are built with
size limitations (and not runtime checking), and --advanced_heap
was not specified.


*******************************************************************************
*** PLACEMENT SUMMARY
***

"A0":  place at 0x00000000 { ro section .intvec };
"P1":  place in [from 0x00000000 to 0x000fffff] { ro };
define block CSTACK with size = 32K, alignment = 8 { };
define block HEAP with size = 64K, alignment = 8 { };
"P2":  place in [from 0x20000000 to 0x2003ffff] {
          rw, block CSTACK, block HEAP };
do not initialize { section .noinit };

  Section          Kind        Address   Size  Object
  -------          ----        -------   ----  ------
"A0":                                   0x200
  .intvec          const    0x00000000  0x200  startup_ewarm.o [1]
                          - 0x00000200  0x200

"P1":                                   0x964
  .text            ro code  0x00000200  0x534  sysctl.o [4]
  .text            ro code  0x00000734  0x1b0  main.o [1]
  .text            ro code  0x000008e4  0x178  gpio.o [4]
  .text            ro code  0x00000a5c   0x40  zero_init3.o [6]
  .text            ro code  0x00000a9c   0x28  data_init.o [6]
  .text            ro code  0x00000ac4   0x22  fpinit_M.o [5]
  .iar.init_table  const    0x00000ae8   0x10  - Linker created -
  .text            ro code  0x00000af8   0x1a  startup_ewarm.o [1]
  .text            ro code  0x00000b12    0xc  cstartup_M.o [6]
  .text            ro code  0x00000b20   0x1a  cmain.o [6]
  .text            ro code  0x00000b3a    0x4  low_level_init.o [3]
  .text            ro code  0x00000b3e    0x4  exit.o [3]
  .text            ro code  0x00000b44    0xa  cexit.o [6]
  .text            ro code  0x00000b50   0x14  exit.o [7]
  .rodata          const    0x00000b64    0x0  zero_init3.o [6]
                          - 0x00000b64  0x964

"P2", part 1 of 2:                        0x4
  .bss             zero     0x20000000    0x1  main.o [1]
  .bss             zero     0x20000001    0x1  main.o [1]
                          - 0x20000002    0x2

"P2", part 2 of 2:                      0x100
  .noinit          uninit   0x20000004  0x100  startup_ewarm.o [1]
                          - 0x20000104  0x100


*******************************************************************************
*** INIT TABLE
***

          Address     Size
          -------     ----
Zero (__iar_zero_init3)
    1 destination range, total size 0x2:
          0x20000000   0x2



*******************************************************************************
*** MODULE SUMMARY
***

    Module            ro code  ro data  rw data
    ------            -------  -------  -------
C:\Users\junio\Documents\Facul\Sistemas Embarcados\git\sistemas-embarcados\Laboratório 2\exemplo1\ewarm\Obj: [1]
    main.o                432                 2
    startup_ewarm.o        26      512      256
    -------------------------------------------
    Total:                458      512      258

command line: [2]
    -------------------------------------------
    Total:

dl7M_tln.a: [3]
    exit.o                  4
    low_level_init.o        4
    -------------------------------------------
    Total:                  8

driverlib.a: [4]
    gpio.o                376
    sysctl.o            1 332
    -------------------------------------------
    Total:              1 708

m7M_tls.a: [5]
    fpinit_M.o             34
    -------------------------------------------
    Total:                 34

rt7M_tl.a: [6]
    cexit.o                10
    cmain.o                26
    cstartup_M.o           12
    data_init.o            40
    zero_init3.o           64
    -------------------------------------------
    Total:                152

shb_l.a: [7]
    exit.o                 20
    -------------------------------------------
    Total:                 20

    Gaps                    6        2
    Linker created                  16
-----------------------------------------------
    Grand Total:        2 386      530      258


*******************************************************************************
*** ENTRY LIST
***

Entry                      Address   Size  Type      Object
-----                      -------   ----  ----      ------
.iar.init_table$$Base   0x00000ae8          --   Gb  - Linker created -
.iar.init_table$$Limit  0x00000af8          --   Gb  - Linker created -
?main                   0x00000b21         Code  Gb  cmain.o [6]
FaultISR                0x00000b0f    0x2  Code  Lc  startup_ewarm.o [1]
GPIODirModeSet          0x000008e5   0x28  Code  Gb  gpio.o [4]
GPIOPadConfigSet        0x0000090d  0x104  Code  Gb  gpio.o [4]
GPIOPinRead             0x00000a11    0x8  Code  Gb  gpio.o [4]
GPIOPinTypeGPIOInput    0x00000a25   0x14  Code  Gb  gpio.o [4]
GPIOPinTypeGPIOOutput   0x00000a39    0xa  Code  Gb  gpio.o [4]
GPIOPinWrite            0x00000a19    0x8  Code  Gb  gpio.o [4]
IntDefaultHandler       0x00000b11    0x2  Code  Lc  startup_ewarm.o [1]
LED_D1                  0x20000000    0x1  Data  Gb  main.o [1]
LED_D2                  0x20000001    0x1  Data  Gb  main.o [1]
NmiSR                   0x00000b0d    0x2  Code  Lc  startup_ewarm.o [1]
Region$$Table$$Base     0x00000ae8          --   Gb  - Linker created -
Region$$Table$$Limit    0x00000af8          --   Gb  - Linker created -
ResetISR                0x00000af9    0xe  Code  Gb  startup_ewarm.o [1]
SysCtlClockFreqSet      0x000002a5  0x20a  Code  Gb  sysctl.o [4]
SysCtlPeripheralEnable  0x00000287    0x8  Code  Gb  sysctl.o [4]
SysCtlPeripheralReady   0x00000221    0x8  Code  Gb  sysctl.o [4]
SysCtlPeripheralReset   0x00000243   0x44  Code  Gb  sysctl.o [4]
SysTick_Handler         0x00000735   0x18  Code  Gb  main.o [1]
_SysCtlMemTimingGet     0x00000201   0x20  Code  Lc  sysctl.o [4]
__cmain                 0x00000b21         Code  Gb  cmain.o [6]
__exit                  0x00000b51   0x14  Code  Gb  exit.o [7]
__iar_data_init3        0x00000a9d   0x28  Code  Gb  data_init.o [6]
__iar_init_vfp          0x00000ac5         Code  Gb  fpinit_M.o [5]
__iar_program_start     0x00000b13         Code  Gb  cstartup_M.o [6]
__iar_systems$$module {Abs}
                        0x00000001         Data  Gb  command line/config [2]
__iar_zero_init3        0x00000a5d   0x40  Code  Gb  zero_init3.o [6]
__low_level_init        0x00000b3b    0x4  Code  Gb  low_level_init.o [3]
__vector_table          0x00000000  0x200  Data  Gb  startup_ewarm.o [1]
_call_main              0x00000b2d         Code  Gb  cmain.o [6]
_exit                   0x00000b45         Code  Gb  cexit.o [6]
_main                   0x00000b37         Code  Gb  cmain.o [6]
config                  0x0000078d   0xba  Code  Gb  main.o [1]
configuraTimer0         0x0000074d   0x40  Code  Gb  main.o [1]
exit                    0x00000b3f    0x4  Code  Gb  exit.o [3]
g_pppui32XTALtoVCO      0x0000054c  0x1b0  Data  Lc  sysctl.o [4]
g_pui32VCOFrequencies   0x0000072c    0x8  Data  Lc  sysctl.o [4]
g_pui32Xtals            0x000004e0   0x6c  Data  Lc  sysctl.o [4]
g_sXTALtoMEMTIM         0x000006fc   0x30  Data  Lc  sysctl.o [4]
main                    0x0000084f   0x46  Code  Gb  main.o [1]
pui32Stack              0x20000004  0x100  Data  Lc  startup_ewarm.o [1]


[1] = C:\Users\junio\Documents\Facul\Sistemas Embarcados\git\sistemas-embarcados\Laboratório 2\exemplo1\ewarm\Obj
[2] = command line
[3] = dl7M_tln.a
[4] = driverlib.a
[5] = m7M_tls.a
[6] = rt7M_tl.a
[7] = shb_l.a

  2 386 bytes of readonly  code memory
    530 bytes of readonly  data memory
    258 bytes of readwrite data memory

Errors: none
Warnings: none
