###############################################################################
#
# IAR ELF Linker V8.11.2.13589/W32 for ARM                21/Jun/2018  21:11:48
# Copyright 2007-2017 IAR Systems AB.
#
#    Output file  =  
#        C:\Users\junio\Documents\Facul\Sistemas
#        Embarcados\git\sistemas-embarcados\lab_3\Tiva_RTOS_IAR8\exemplo1\ewarm\Exe\exemplo1.out
#    Map file     =  
#        C:\Users\junio\Documents\Facul\Sistemas
#        Embarcados\git\sistemas-embarcados\lab_3\Tiva_RTOS_IAR8\exemplo1\ewarm\List\exemplo1.map
#    Command line =  
#        -f C:\Users\junio\AppData\Local\Temp\EW1376.tmp
#        ("C:\Users\junio\Documents\Facul\Sistemas
#        Embarcados\git\sistemas-embarcados\lab_3\Tiva_RTOS_IAR8\exemplo1\ewarm\Obj\driverleds.o"
#        "C:\Users\junio\Documents\Facul\Sistemas
#        Embarcados\git\sistemas-embarcados\lab_3\Tiva_RTOS_IAR8\driverlib\ewarm\Exe\driverlib.a"
#        "C:\Users\junio\Documents\Facul\Sistemas
#        Embarcados\git\sistemas-embarcados\lab_3\Tiva_RTOS_IAR8\exemplo1\ewarm\Obj\main.o"
#        "C:\Users\junio\Documents\Facul\Sistemas
#        Embarcados\git\sistemas-embarcados\lab_3\Tiva_RTOS_IAR8\RTOS\RTX\LIB\IAR\RTX_CM4.a"
#        "C:\Users\junio\Documents\Facul\Sistemas
#        Embarcados\git\sistemas-embarcados\lab_3\Tiva_RTOS_IAR8\exemplo1\ewarm\Obj\RTX_Conf_CM.o"
#        "C:\Users\junio\Documents\Facul\Sistemas
#        Embarcados\git\sistemas-embarcados\lab_3\Tiva_RTOS_IAR8\exemplo1\ewarm\Obj\startup_tm4c1294ncpdt.o"
#        "C:\Users\junio\Documents\Facul\Sistemas
#        Embarcados\git\sistemas-embarcados\lab_3\Tiva_RTOS_IAR8\exemplo1\ewarm\Obj\system_tm4c1294ncpdt.o"
#        -o "C:\Users\junio\Documents\Facul\Sistemas
#        Embarcados\git\sistemas-embarcados\lab_3\Tiva_RTOS_IAR8\exemplo1\ewarm\Exe\exemplo1.out"
#        --map "C:\Users\junio\Documents\Facul\Sistemas
#        Embarcados\git\sistemas-embarcados\lab_3\Tiva_RTOS_IAR8\exemplo1\ewarm\List\exemplo1.map"
#        --config "C:\Program Files (x86)\IAR Systems\Embedded Workbench
#        8.0\arm\config\linker\TexasInstruments\TM4C1294NC.icf" --semihosting
#        --entry __iar_program_start --vfe --text_out locale)
#
###############################################################################

*******************************************************************************
*** RUNTIME MODEL ATTRIBUTES
***

CppFlavor       = *
__SystemLibrary = DLib
__dlib_version  = 6


*******************************************************************************
*** HEAP SELECTION
***

The basic heap was selected because some modules are built with
size limitations (and not runtime checking), and --advanced_heap
was not specified.


*******************************************************************************
*** PLACEMENT SUMMARY
***

"A0":  place at 0x00000000 { ro section .intvec };
"P1":  place in [from 0x00000000 to 0x000fffff] { ro };
define block CSTACK with size = 32K, alignment = 8 { };
define block HEAP with size = 64K, alignment = 8 { };
"P2":  place in [from 0x20000000 to 0x2003ffff] {
          rw, block CSTACK, block HEAP };
do not initialize { section .noinit };
initialize by copy { rw };

  Section            Kind        Address    Size  Object
  -------            ----        -------    ----  ------
"A0":                                      0x26c
  .intvec            const    0x00000000   0x26c  startup_tm4c1294ncpdt.o [1]
                            - 0x0000026c   0x26c

"P1":                                     0x3e14
  .text              ro code  0x0000026c   0xf22  xprintffuller_nomb.o [4]
  .rodata            const    0x0000118e     0x2  RTX_Conf_CM.o [1]
  .text              ro code  0x00001190    0x16  strchr.o [7]
  .rodata            const    0x000011a6     0x2  RTX_Conf_CM.o [1]
  .text              ro code  0x000011a8    0x44  xfail_s.o [4]
  .text              ro code  0x000011ec    0x36  strlen.o [7]
  .rodata            const    0x00001222     0x2  RTX_Conf_CM.o [1]
  .text              ro code  0x00001224    0x58  memchr.o [7]
  .text              ro code  0x0000127c     0x4  xmbcurmax.o [4]
  .text              ro code  0x00001280     0x8  xlocale_c.o [4]
  .text              ro code  0x00001288    0xa6  ABImemcpy.o [7]
  .text              ro code  0x0000132e     0x2  startup_tm4c1294ncpdt.o [1]
  .text              ro code  0x00001330    0xee  I64DivMod.o [7]
  .text              ro code  0x0000141e     0x2  startup_tm4c1294ncpdt.o [1]
  .text              ro code  0x00001420   0x1a2  DblMul.o [6]
  .text              ro code  0x000015c2     0x2  startup_tm4c1294ncpdt.o [1]
  .text              ro code  0x000015c4    0x70  frexp.o [6]
  .text              ro code  0x00001634    0x2e  DblCmpLe.o [6]
  .text              ro code  0x00001662     0x2  startup_tm4c1294ncpdt.o [1]
  .text              ro code  0x00001664    0x2e  DblCmpGe.o [6]
  .rodata            const    0x00001692     0x1  RTX_Conf_CM.o [1]
  .rodata            const    0x00001693     0x1  RTX_Conf_CM.o [1]
  .text              ro code  0x00001694   0x13a  ldexp.o [6]
  .text              ro code  0x000017d0    0x3a  DblToS32.o [6]
  .text              ro code  0x0000180c    0x22  S32ToDbl.o [6]
  .text              ro code  0x00001830    0xe2  DblSub.o [6]
  .text              ro code  0x00001914   0x246  DblDiv.o [6]
  .text              ro code  0x00001b5c    0x28  DblToU32.o [6]
  .text              ro code  0x00001b84    0x1a  U32ToDbl.o [6]
  .text              ro code  0x00001b9e     0x6  abort.o [4]
  .text              ro code  0x00001ba4    0x12  xencoding_8859_1.o [4]
  .text              ro code  0x00001bb8     0x2  I64DivZer.o [7]
  .text              ro code  0x00001bbc   0x168  DblAdd.o [6]
  .text              ro code  0x00001d24    0x14  exit.o [8]
  .text              ro code  0x00001d38    0x68  iarttio.o [8]
  .text              ro code  0x00001da0     0x8  XShttio.o [4]
  .text              ro code  0x00001da8   0x848  rt_CMSIS.o [3]
  .text              ro code  0x000025f0    0x96  rt_Memory.o [3]
  .text              ro code  0x00002688   0x48c  rt_Task.o [3]
  .text              ro code  0x00002b14     0x6  rt_Time.o [3]
  .text              ro code  0x00002b1c   0x2bc  rt_Mailbox.o [3]
  .text              ro code  0x00002dd8    0x60  RTX_Conf_CM.o [1]
  .text              ro code  0x00002e38   0x110  rt_Event.o [3]
  .text              ro code  0x00002f48    0x9a  rt_MemBox.o [3]
  .text              ro code  0x00002fe4   0x210  rt_List.o [3]
  .text              ro code  0x000031f4   0x108  rt_System.o [3]
  .text              ro code  0x000032fc   0x110  HAL_CM.o [3]
  .text              ro code  0x0000340c   0x194  HAL_CM4.o [3]
  .text              ro code  0x000035a0    0x24  rt_System.o [3]
  .text              ro code  0x000035c4    0x18  rt_Robin.o [3]
  .text              ro code  0x000035dc    0x28  printf.o [4]
  .text              ro code  0x00003604     0x4  low_level_init.o [4]
  .text              ro code  0x00003608    0x28  data_init.o [7]
  .text              ro code  0x00003630     0x4  exit.o [4]
  .text              ro code  0x00003634    0x38  rt_Semaphore.o [3]
  .text              ro code  0x0000366c    0x48  rt_Robin.o [3]
  .text              ro code  0x000036b4     0x6  ABImemclr4.o [7]
  .text              ro code  0x000036ba     0x2  rt_System.o [3]
  .text              ro code  0x000036bc     0xa  cexit.o [7]
  .text              ro code  0x000036c8    0x32  ABImemset48.o [7]
  .text              ro code  0x000036fc   0x49c  sysctl.o [5]
  .text              ro code  0x00003b98   0x1c4  main.o [1]
  .text              ro code  0x00003d5c    0xd0  gpio.o [5]
  .text              ro code  0x00003e2c    0x40  zero_init3.o [7]
  .text              ro code  0x00003e6c    0x2c  copy_init3.o [7]
  .text              ro code  0x00003e98    0x22  fpinit_M.o [6]
  .text              ro code  0x00003eba    0x22  iarwrite.o [8]
  .iar.init_table    const    0x00003edc    0x24  - Linker created -
  .rodata            const    0x00003f00    0x20  RTX_Conf_CM.o [1]
  .text              ro code  0x00003f20    0x20  putchar.o [4]
  .text              ro code  0x00003f40    0x10  write.o [8]
  .text              ro code  0x00003f50    0x1e  dwrite.o [8]
  .text              ro code  0x00003f6e    0x20  iarwstd.o [8]
  .text              ro code  0x00003f90    0x18  startup_tm4c1294ncpdt.o [1]
  .text              ro code  0x00003fa8     0xc  cstartup_M.o [7]
  .text              ro code  0x00003fb4    0x16  xprout.o [4]
  .rodata            const    0x00003fcc    0x14  startup_tm4c1294ncpdt.o [1]
  .rodata            const    0x00003fe0    0x10  main.o [1]
  .rodata            const    0x00003ff0    0x10  main.o [1]
  .rodata            const    0x00004000    0x10  RTX_Conf_CM.o [1]
  .rodata            const    0x00004010    0x10  RTX_Conf_CM.o [1]
  .text              ro code  0x00004020    0x10  startup_tm4c1294ncpdt.o [1]
  Initializer bytes  const    0x00004030    0x10  <for P2-1>
  .rodata            const    0x00004040     0xc  main.o [1]
  .rodata            const    0x0000404c     0x8  RTX_Conf_CM.o [1]
  .rodata            const    0x00004054     0x4  RTX_Conf_CM.o [1]
  .rodata            const    0x00004058     0x4  RTX_Conf_CM.o [1]
  .rodata            const    0x0000405c     0x4  RTX_Conf_CM.o [1]
  .rodata            const    0x00004060     0x4  RTX_Conf_CM.o [1]
  .rodata            const    0x00004064     0x4  RTX_Conf_CM.o [1]
  .rodata            const    0x00004068     0x4  RTX_Conf_CM.o [1]
  .rodata            const    0x0000406c     0x4  RTX_Conf_CM.o [1]
  .rodata            const    0x00004070     0x4  RTX_Conf_CM.o [1]
  .rodata            const    0x00004074     0x4  RTX_Conf_CM.o [1]
  .text              ro code  0x00004078     0x4  startup_tm4c1294ncpdt.o [1]
  .text              const    0x0000407c     0x4  SVC_Table.o [3]
  .rodata            const    0x00004080     0x0  zero_init3.o [7]
  .rodata            const    0x00004080     0x0  copy_init3.o [7]
                            - 0x00004080  0x3e14

"P2", part 1 of 3:                          0x10
  P2-1                        0x20000000    0x10  <Init block>
    .data            inited   0x20000000     0x8  main.o [1]
    .data            inited   0x20000008     0x8  XShttio.o [4]
                            - 0x20000010    0x10

"P2", part 2 of 3:                        0x1ed4
  .bss               zero     0x20000010  0x12d0  RTX_Conf_CM.o [1]
  .bss               zero     0x200012e0   0x40c  main.o [1]
  .bss               zero     0x200016ec    0x3c  rt_Task.o [3]
  .bss               zero     0x20001728   0x408  RTX_Conf_CM.o [1]
  .bss               zero     0x20001b30   0x178  RTX_Conf_CM.o [1]
  .bss               zero     0x20001ca8   0x110  main.o [1]
  .bss               zero     0x20001db8    0x84  RTX_Conf_CM.o [1]
  .bss               zero     0x20001e3c    0x30  rt_List.o [3]
  .bss               zero     0x20001e6c    0x20  RTX_Conf_CM.o [1]
  .bss               zero     0x20001e8c    0x1c  RTX_Conf_CM.o [1]
  .bss               zero     0x20001ea8     0x8  rt_System.o [3]
  .bss               zero     0x20001eb0     0x8  rt_Robin.o [3]
  .bss               zero     0x20001eb8     0x4  main.o [1]
  .bss               zero     0x20001ebc     0x4  main.o [1]
  .bss               zero     0x20001ec0     0x4  main.o [1]
  .bss               zero     0x20001ec4     0x4  main.o [1]
  .bss               zero     0x20001ec8     0x4  RTX_Conf_CM.o [1]
  .bss               zero     0x20001ecc     0x4  RTX_Conf_CM.o [1]
  .bss               zero     0x20001ed0     0x4  RTX_Conf_CM.o [1]
  .bss               zero     0x20001ed4     0x4  rt_CMSIS.o [3]
  .bss               zero     0x20001ed8     0x4  rt_Time.o [3]
  .bss               zero     0x20001edc     0x4  xfail_s.o [4]
  .bss               zero     0x20001ee0     0x2  rt_CMSIS.o [3]
  .bss               zero     0x20001ee2     0x1  HAL_CM.o [3]
                            - 0x20001ee3  0x1ed3

"P2", part 3 of 3:                         0x100
  .noinit            uninit   0x20001ee4   0x100  startup_tm4c1294ncpdt.o [1]
                            - 0x20001fe4   0x100


*******************************************************************************
*** INIT TABLE
***

          Address     Size
          -------     ----
Zero (__iar_zero_init3)
    1 destination range, total size 0x1ed3:
          0x20000010  0x1ed3

Copy (__iar_copy_init3)
    1 source range, total size 0x10:
          0x00004030    0x10
    1 destination range, total size 0x10:
          0x20000000    0x10



*******************************************************************************
*** MODULE SUMMARY
***

    Module                   ro code  ro data  rw data
    ------                   -------  -------  -------
C:\Users\junio\Documents\Facul\Sistemas Embarcados\git\sistemas-embarcados\lab_3\Tiva_RTOS_IAR8\exemplo1\ewarm\Obj: [1]
    RTX_Conf_CM.o                 96      116    6 428
    main.o                       452       52    1 332
    startup_tm4c1294ncpdt.o       52      640      256
    --------------------------------------------------
    Total:                       600      808    8 016

command line: [2]
    --------------------------------------------------
    Total:

RTX_CM4.a: [3]
    HAL_CM.o                     272                 1
    HAL_CM4.o                    404
    SVC_Table.o                             4
    rt_CMSIS.o                 2 120                 6
    rt_Event.o                   272
    rt_List.o                    528                48
    rt_Mailbox.o                 700
    rt_MemBox.o                  154
    rt_Memory.o                  150
    rt_Robin.o                    96                 8
    rt_Semaphore.o                56
    rt_System.o                  302                 8
    rt_Task.o                  1 164                60
    rt_Time.o                      6                 4
    --------------------------------------------------
    Total:                     6 224        4      135

dl7M_tln.a: [4]
    XShttio.o                      8        8        8
    abort.o                        6
    exit.o                         4
    low_level_init.o               4
    printf.o                      40
    putchar.o                     32
    xencoding_8859_1.o            18
    xfail_s.o                     68                 4
    xlocale_c.o                    8
    xmbcurmax.o                    4
    xprintffuller_nomb.o       3 874
    xprout.o                      22
    --------------------------------------------------
    Total:                     4 088        8       12

driverlib.a: [5]
    gpio.o                       208
    sysctl.o                   1 180
    --------------------------------------------------
    Total:                     1 388

m7M_tls.a: [6]
    DblAdd.o                     360
    DblCmpGe.o                    46
    DblCmpLe.o                    46
    DblDiv.o                     582
    DblMul.o                     418
    DblSub.o                     226
    DblToS32.o                    58
    DblToU32.o                    40
    S32ToDbl.o                    34
    U32ToDbl.o                    26
    fpinit_M.o                    34
    frexp.o                      112
    ldexp.o                      314
    --------------------------------------------------
    Total:                     2 296

rt7M_tl.a: [7]
    ABImemclr4.o                   6
    ABImemcpy.o                  166
    ABImemset48.o                 50
    I64DivMod.o                  238
    I64DivZer.o                    2
    cexit.o                       10
    copy_init3.o                  44
    cstartup_M.o                  12
    data_init.o                   40
    memchr.o                      88
    strchr.o                      22
    strlen.o                      54
    zero_init3.o                  64
    --------------------------------------------------
    Total:                       796

shb_l.a: [8]
    dwrite.o                      30
    exit.o                        20
    iarttio.o                    104
    iarwrite.o                    34
    iarwstd.o                     32
    write.o                       16
    --------------------------------------------------
    Total:                       236

    Gaps                          26        2
    Linker created                         36
------------------------------------------------------
    Grand Total:              15 654      858    8 163


*******************************************************************************
*** ENTRY LIST
***

Entry                      Address    Size  Type      Object
-----                      -------    ----  ----      ------
.iar.init_table$$Base   0x00003edc           --   Gb  - Linker created -
.iar.init_table$$Limit  0x00003f00           --   Gb  - Linker created -
BusFault_Handler        0x0000141f     0x2  Code  Lc  startup_tm4c1294ncpdt.o [1]
CMSIS_RTOS_API_Version  0x00004060     0x4  Data  Gb  RTX_Conf_CM.o [1]
CMSIS_RTOS_RTX_Version  0x00004064     0x4  Data  Gb  RTX_Conf_CM.o [1]
DebugMon_Handler        0x00001663     0x2  Code  Lc  startup_tm4c1294ncpdt.o [1]
GPIOPinConfigure        0x00003d5d    0x38  Code  Gb  gpio.o [5]
HardFault_Handler       0x00004021    0x10  Code  Lc  startup_tm4c1294ncpdt.o [1]
IntDefaultHandler       0x00004079     0x2  Code  Lc  startup_tm4c1294ncpdt.o [1]
LoadInt                 0x0000040b    0x7a  Code  Lc  xprintffuller_nomb.o [4]
MemManage_Handler       0x0000407b     0x2  Code  Lc  startup_tm4c1294ncpdt.o [1]
NMI_Handler             0x0000132f     0x2  Code  Lc  startup_tm4c1294ncpdt.o [1]
OS_Tick_Handler         0x00003577          Code  Gb  HAL_CM4.o [3]
PendSV_Handler          0x0000350f          Code  Gb  HAL_CM4.o [3]
Region$$Table$$Base     0x00003edc           --   Gb  - Linker created -
Region$$Table$$Limit    0x00003f00           --   Gb  - Linker created -
SVC_Count               0x0000407c          Data  Gb  SVC_Table.o [3]
SVC_Handler             0x00003469          Code  Gb  HAL_CM4.o [3]
SVC_Table               0x00004080          Data  Gb  SVC_Table.o [3]
SysCtlClockFreqSet      0x0000371d   0x204  Code  Gb  sysctl.o [5]
SysTick_Handler         0x0000356f          Code  Gb  HAL_CM4.o [3]
UARTIntHandler          0x00003b99    0x28  Code  Gb  main.o [1]
UsageFault_Handler      0x000015c3     0x2  Code  Lc  startup_tm4c1294ncpdt.o [1]
_Encoding_8859_1_Wctomb
                        0x00001ba5    0x12  Code  Gb  xencoding_8859_1.o [4]
_GenldFullerNoMb        0x00000e97   0x248  Code  Lc  xprintffuller_nomb.o [4]
_LdtobFullerNoMb        0x00000a7d   0x3f0  Code  Lc  xprintffuller_nomb.o [4]
_LitobFullerNoMb        0x00000921   0x116  Code  Lc  xprintffuller_nomb.o [4]
_PrintfFullerNoMb       0x0000026d   0x190  Code  Gb  xprintffuller_nomb.o [4]
_Prout                  0x00003fb5    0x16  Code  Gb  xprout.o [4]
_PutcharsFullerNoMb     0x000010df    0x2e  Code  Lc  xprintffuller_nomb.o [4]
_PutfldFullerNoMb       0x00000485   0x2d0  Code  Lc  xprintffuller_nomb.o [4]
_PutstrFullerNoMb       0x00000863    0xbe  Code  Lc  xprintffuller_nomb.o [4]
_PuttxtFullerNoMb       0x00000755   0x10e  Code  Lc  xprintffuller_nomb.o [4]
_SysCtlMemTimingGet     0x000036fd    0x20  Code  Lc  sysctl.o [5]
__aeabi_cdcmple         0x00001635          Code  Gb  DblCmpLe.o [6]
__aeabi_cdrcmple        0x00001665          Code  Gb  DblCmpGe.o [6]
__aeabi_d2iz            0x000017d1          Code  Gb  DblToS32.o [6]
__aeabi_d2uiz           0x00001b5d          Code  Gb  DblToU32.o [6]
__aeabi_ddiv            0x00001915          Code  Gb  DblDiv.o [6]
__aeabi_dmul            0x00001421          Code  Gb  DblMul.o [6]
__aeabi_dsub            0x00001831          Code  Gb  DblSub.o [6]
__aeabi_i2d             0x0000180d          Code  Gb  S32ToDbl.o [6]
__aeabi_ldiv0           0x00001bb9          Code  Gb  I64DivZer.o [7]
__aeabi_memclr4         0x000036b5          Code  Gb  ABImemclr4.o [7]
__aeabi_memcpy          0x00001289          Code  Gb  ABImemcpy.o [7]
__aeabi_memcpy4         0x000012a9          Code  Gb  ABImemcpy.o [7]
__aeabi_memcpy8         0x000012a9          Code  Gb  ABImemcpy.o [7]
__aeabi_ui2d            0x00001b85          Code  Gb  U32ToDbl.o [6]
__aeabi_uldivmod        0x00001331          Code  Gb  I64DivMod.o [7]
__cmain                 0x00002e09    0x26  Code  Gb  RTX_Conf_CM.o [1]
__disable_irq           0x00002f4d     0xc  Code  Lc  rt_MemBox.o [3]
__disable_irq           0x00002b21     0xc  Code  Lc  rt_Mailbox.o [3]
__disable_irq           0x000031f9     0xc  Code  Lc  rt_System.o [3]
__disable_irq           0x00002fe9     0xc  Code  Lc  rt_List.o [3]
__dwrite                0x00003f51    0x1e  Code  Gb  dwrite.o [8]
__enable_irq            0x00002f49     0x4  Code  Lc  rt_MemBox.o [3]
__enable_irq            0x00002b1d     0x4  Code  Lc  rt_Mailbox.o [3]
__enable_irq            0x000031f5     0x4  Code  Lc  rt_System.o [3]
__enable_irq            0x00002fe5     0x4  Code  Lc  rt_List.o [3]
__exit                  0x00001d25    0x14  Code  Gb  exit.o [8]
__iar_Fail_s            0x000011a9    0x1e  Code  Gb  xfail_s.o [4]
__iar_Mbcurmax          0x0000127d     0x4  Code  Gb  xmbcurmax.o [4]
__iar_Memchr            0x00001225          Code  Gb  memchr.o [7]
__iar_Memset4_word      0x000036c9          Code  Gb  ABImemset48.o [7]
__iar_Memset8_word      0x000036c9          Code  Gb  ABImemset48.o [7]
__iar_Strchr            0x00001191          Code  Gb  strchr.o [7]
__iar_close_ttio        0x00001d39    0x2c  Code  Gb  iarttio.o [8]
__iar_copy_init3        0x00003e6d    0x2c  Code  Gb  copy_init3.o [7]
__iar_dadd              0x00001841          Code  Gb  DblSub.o [6]
__iar_data_init3        0x00003609    0x28  Code  Gb  data_init.o [7]
__iar_dsub              0x00001bbd          Code  Gb  DblAdd.o [6]
__iar_dsubStart         0x00001bcf          Code  Gb  DblAdd.o [6]
__iar_frexp             0x000015d1          Code  Gb  frexp.o [6]
__iar_frexpl            0x000015d1          Code  Gb  frexp.o [6]
__iar_get_ttio          0x00001d65    0x38  Code  Gb  iarttio.o [8]
__iar_init_vfp          0x00003e99          Code  Gb  fpinit_M.o [6]
__iar_ldexp64           0x00001695          Code  Gb  ldexp.o [6]
__iar_lookup_ttioh      0x00001da1     0x8  Code  Gb  XShttio.o [4]
__iar_program_start     0x00003fa9          Code  Gb  cstartup_M.o [7]
__iar_scalbln64         0x00001695          Code  Gb  ldexp.o [6]
__iar_scalbn64          0x00001695          Code  Gb  ldexp.o [6]
__iar_sh_stdout         0x00003f6f    0x20  Code  Gb  iarwstd.o [8]
__iar_sh_write          0x00003ebb    0x22  Code  Gb  iarwrite.o [8]
__iar_softfp___iar_frexp64
                        0x000015c5          Code  Gb  frexp.o [6]
__iar_softfp_frexp      0x000015c5          Code  Gb  frexp.o [6]
__iar_softfp_frexpl     0x000015c5          Code  Gb  frexp.o [6]
__iar_systems$$module {Abs}
                        0x00000001          Data  Gb  command line/config [2]
__iar_ttio_handles      0x20000008     0x8  Data  Lc  XShttio.o [4]
__iar_zero_init3        0x00003e2d    0x40  Code  Gb  zero_init3.o [7]
__low_level_init        0x00003605     0x4  Code  Gb  low_level_init.o [4]
__vector_table          0x00000000   0x26c  Data  Gb  startup_tm4c1294ncpdt.o [1]
__write                 0x00003f41    0x10  Code  Gb  write.o [8]
_alloc_box              0x00003431          Code  Gb  HAL_CM4.o [3]
_exit                   0x000036bd          Code  Gb  cexit.o [7]
_free_box               0x0000344d          Code  Gb  HAL_CM4.o [3]
_gLocale_wctomb         0x00001285     0x4  Code  Gb  xlocale_c.o [4]
_gLocale_wctombInt      0x00001281     0x4  Code  Gb  xlocale_c.o [4]
_init_box               0x00002f59    0x48  Code  Gb  rt_MemBox.o [3]
abort                   0x00001b9f     0x6  Code  Gb  abort.o [4]
dbg_init                0x000033a5    0x20  Code  Gb  HAL_CM.o [3]
dbg_msg                 0x20001ee2     0x1  Data  Gb  HAL_CM.o [3]
dbg_task_notify         0x000033c5    0x20  Code  Gb  HAL_CM.o [3]
dbg_task_switch         0x000033e5     0xc  Code  Gb  HAL_CM.o [3]
exit                    0x00003631     0x4  Code  Gb  exit.o [4]
g_pppui32XTALtoVCO      0x000039b0   0x1b0  Data  Lc  sysctl.o [5]
g_pui32GPIOBaseAddrs    0x00003d9c    0x90  Data  Lc  gpio.o [5]
g_pui32VCOFrequencies   0x00003b90     0x8  Data  Lc  sysctl.o [5]
g_pui32Xtals            0x00003944    0x6c  Data  Lc  sysctl.o [5]
g_sXTALtoMEMTIM         0x00003b60    0x30  Data  Lc  sysctl.o [5]
g_ui32SysClock          0x20001ec4     0x4  Data  Gb  main.o [1]
isrMessageGet           0x00002383    0x42  Code  Gb  rt_CMSIS.o [3]
isrMessagePut           0x00002355    0x2e  Code  Gb  rt_CMSIS.o [3]
isrSignalSet            0x000021d5    0x20  Code  Gb  rt_CMSIS.o [3]
isr_evt_set             0x00002ec7    0x22  Code  Gb  rt_Event.o [3]
isr_mbx_receive         0x00002ca1    0x4c  Code  Gb  rt_Mailbox.o [3]
isr_mbx_send            0x00002c93     0xe  Code  Gb  rt_Mailbox.o [3]
ldexp                   0x00001695          Code  Gb  ldexp.o [6]
ldexpl                  0x00001695          Code  Gb  ldexp.o [6]
m_tmr                   0x20001ed0     0x4  Data  Gb  RTX_Conf_CM.o [1]
main                    0x00003c75    0xa6  Code  Gb  main.o [1]
memchr                  0x00001225          Code  Gb  memchr.o [7]
mp_stk                  0x20000010  0x12d0  Data  Gb  RTX_Conf_CM.o [1]
mp_stk_size             0x00004070     0x4  Data  Gb  RTX_Conf_CM.o [1]
mp_tcb                  0x20001b30   0x178  Data  Gb  RTX_Conf_CM.o [1]
mp_tcb_size             0x000011a6     0x2  Data  Gb  RTX_Conf_CM.o [1]
mp_tmr_size             0x00001222     0x2  Data  Gb  RTX_Conf_CM.o [1]
mqueue                  0x20001ec0     0x4  Data  Gb  main.o [1]
osDelay                 0x0000202d    0x14  Code  Gb  rt_CMSIS.o [3]
osKernelInitialize      0x00001e95    0x20  Code  Gb  rt_CMSIS.o [3]
osKernelStart           0x00001eb5    0x70  Code  Gb  rt_CMSIS.o [3]
osMailAlloc             0x00002549    0x18  Code  Gb  rt_CMSIS.o [3]
osMailCreate            0x0000251d    0x26  Code  Gb  rt_CMSIS.o [3]
osMailFree              0x00002569    0x18  Code  Gb  rt_CMSIS.o [3]
osMailGet               0x00002593    0x26  Code  Gb  rt_CMSIS.o [3]
osMailPut               0x00002581    0x12  Code  Gb  rt_CMSIS.o [3]
osMessageGet            0x000023d9    0x36  Code  Gb  rt_CMSIS.o [3]
osMessagePut            0x000023c5    0x14  Code  Gb  rt_CMSIS.o [3]
osMessageQId_osTimerMessageQ
                        0x20001ecc     0x4  Data  Gb  RTX_Conf_CM.o [1]
osSignalSet             0x000021f5    0x16  Code  Gb  rt_CMSIS.o [3]
osSignalWait            0x0000220d    0x3c  Code  Gb  rt_CMSIS.o [3]
osThreadCreate          0x00001fd9    0x2a  Code  Gb  rt_CMSIS.o [3]
osThreadExit            0x00002005    0x12  Code  Gb  rt_CMSIS.o [3]
osThreadId_osTimerThread
                        0x20001ec8     0x4  Data  Gb  RTX_Conf_CM.o [1]
osTimerThread           0x000020ed    0x40  Code  Gb  rt_CMSIS.o [3]
os_active_TCB           0x20001e8c    0x1c  Data  Gb  RTX_Conf_CM.o [1]
os_clockrate            0x00004068     0x4  Data  Gb  RTX_Conf_CM.o [1]
os_dly                  0x20001e3c    0x18  Data  Gb  rt_List.o [3]
os_error                0x00002ddb    0x2e  Code  Gb  RTX_Conf_CM.o [1]
os_fifo                 0x20001db8    0x84  Data  Gb  RTX_Conf_CM.o [1]
os_fifo_size            0x00001693     0x1  Data  Gb  RTX_Conf_CM.o [1]
os_flags                0x00001692     0x1  Data  Gb  RTX_Conf_CM.o [1]
os_idle_TCB             0x200016ec    0x34  Data  Gb  rt_Task.o [3]
os_idle_demon           0x00002dd9     0x2  Code  Gb  RTX_Conf_CM.o [1]
os_initialized          0x20001ee0     0x1  Data  Gb  rt_CMSIS.o [3]
os_lock                 0x20001ea8     0x1  Data  Lc  rt_System.o [3]
os_mailQ_def_mqueue     0x00004040     0xc  Data  Gb  main.o [1]
os_mailQ_m_mqueue       0x200012e0   0x40c  Data  Gb  main.o [1]
os_mailQ_p_mqueue       0x20000000     0x8  Data  Gb  main.o [1]
os_mailQ_q_mqueue       0x20001ca8   0x110  Data  Gb  main.o [1]
os_maxtaskrun           0x0000118e     0x2  Data  Gb  RTX_Conf_CM.o [1]
os_messageQ_def_osTimerMessageQ
                        0x0000404c     0x8  Data  Gb  RTX_Conf_CM.o [1]
os_messageQ_q_osTimerMessageQ
                        0x20001e6c    0x20  Data  Gb  RTX_Conf_CM.o [1]
os_psh_flag             0x20001ea9     0x1  Data  Lc  rt_System.o [3]
os_rdy                  0x20001e54    0x18  Data  Gb  rt_List.o [3]
os_robin                0x20001eb0     0x8  Data  Gb  rt_Robin.o [3]
os_rrobin               0x00004058     0x4  Data  Gb  RTX_Conf_CM.o [1]
os_running              0x20001ee1     0x1  Data  Gb  rt_CMSIS.o [3]
os_set_env              0x00003419          Code  Gb  HAL_CM4.o [3]
os_stack_mem            0x20001728   0x408  Data  Gb  RTX_Conf_CM.o [1]
os_stack_sz             0x00004074     0x4  Data  Gb  RTX_Conf_CM.o [1]
os_stackinfo            0x00004054     0x4  Data  Gb  RTX_Conf_CM.o [1]
os_thread_def_main      0x00004010    0x10  Data  Gb  RTX_Conf_CM.o [1]
os_thread_def_osTimerThread
                        0x00004000    0x10  Data  Gb  RTX_Conf_CM.o [1]
os_thread_def_thread1   0x00003fe0    0x10  Data  Gb  main.o [1]
os_thread_def_thread_broker
                        0x00003ff0    0x10  Data  Gb  main.o [1]
os_tick_init            0x000032d1    0x2c  Code  Wk  rt_System.o [3]
os_tick_irqack          0x000036bb     0x2  Code  Wk  rt_System.o [3]
os_tick_irqn            0x20001eac     0x4  Data  Gb  rt_System.o [3]
os_time                 0x20001ed8     0x4  Data  Gb  rt_Time.o [3]
os_timer_head           0x20001ed4     0x4  Data  Gb  rt_CMSIS.o [3]
os_timernum             0x0000406c     0x4  Data  Gb  RTX_Conf_CM.o [1]
os_trv                  0x0000405c     0x4  Data  Gb  RTX_Conf_CM.o [1]
os_tsk                  0x20001720     0x8  Data  Gb  rt_Task.o [3]
pend_flags              0x20001eaa     0x1  Data  Lc  rt_System.o [3]
printf                  0x000035dd    0x28  Code  Gb  printf.o [4]
pui32Stack              0x20001ee4   0x100  Data  Lc  startup_tm4c1294ncpdt.o [1]
putchar                 0x00003f21    0x20  Code  Gb  putchar.o [4]
rt_alloc_box            0x00002fa1    0x1a  Code  Gb  rt_MemBox.o [3]
rt_alloc_mem            0x0000260b    0x48  Code  Gb  rt_Memory.o [3]
rt_block                0x000026e9    0x2c  Code  Gb  rt_Task.o [3]
rt_chk_robin            0x0000366d    0x48  Code  Wk  rt_Robin.o [3]
rt_dec_dly              0x000030e5    0x68  Code  Gb  rt_List.o [3]
rt_dispatch             0x000026ab    0x3e  Code  Gb  rt_Task.o [3]
rt_dly_wait             0x00002b15     0x6  Code  Gb  rt_Time.o [3]
rt_evt_psh              0x00002ee9    0x50  Code  Gb  rt_Event.o [3]
rt_evt_set              0x00002e71    0x56  Code  Gb  rt_Event.o [3]
rt_evt_wait             0x00002e39    0x38  Code  Gb  rt_Event.o [3]
rt_free_box             0x00002fbb    0x28  Code  Gb  rt_MemBox.o [3]
rt_free_mem             0x00002653    0x34  Code  Gb  rt_Memory.o [3]
rt_get_PSP              0x00003413          Code  Gb  HAL_CM4.o [3]
rt_get_first            0x00003033    0x2a  Code  Gb  rt_List.o [3]
rt_init_mem             0x000025f1    0x1a  Code  Gb  rt_Memory.o [3]
rt_init_robin           0x000035c5    0x18  Code  Wk  rt_Robin.o [3]
rt_init_stack           0x000032fd    0x7a  Code  Gb  HAL_CM.o [3]
rt_mbx_check            0x00002c89     0xa  Code  Gb  rt_Mailbox.o [3]
rt_mbx_init             0x00002b2d    0x1a  Code  Gb  rt_Mailbox.o [3]
rt_mbx_psh              0x00002ced    0xe4  Code  Gb  rt_Mailbox.o [3]
rt_mbx_send             0x00002b47    0x94  Code  Gb  rt_Mailbox.o [3]
rt_mbx_wait             0x00002bdb    0xae  Code  Gb  rt_Mailbox.o [3]
rt_ms2tick              0x00001da9    0x3c  Code  Lc  rt_CMSIS.o [3]
rt_pop_req              0x0000321b    0x68  Code  Gb  rt_System.o [3]
rt_psh_req              0x00003205    0x16  Code  Gb  rt_System.o [3]
rt_psq_enq              0x0000319b    0x48  Code  Gb  rt_List.o [3]
rt_put_dly              0x00003097    0x4e  Code  Gb  rt_List.o [3]
rt_put_prio             0x00002ff5    0x3e  Code  Gb  rt_List.o [3]
rt_put_rdy_first        0x0000305d     0xe  Code  Gb  rt_List.o [3]
rt_resort_prio          0x0000306b    0x2c  Code  Gb  rt_List.o [3]
rt_ret_val              0x00003377    0x16  Code  Gb  HAL_CM.o [3]
rt_ret_val2             0x0000338d    0x18  Code  Gb  HAL_CM.o [3]
rt_rmv_dly              0x00003173    0x28  Code  Gb  rt_List.o [3]
rt_rmv_list             0x0000314d    0x26  Code  Gb  rt_List.o [3]
rt_sem_psh              0x00003635    0x30  Code  Gb  rt_Semaphore.o [3]
rt_set_PSP              0x0000340d          Code  Gb  HAL_CM4.o [3]
rt_stk_check            0x000035a1    0x24  Code  Wk  rt_System.o [3]
rt_switch_req           0x00002689    0x22  Code  Gb  rt_Task.o [3]
rt_sys_init             0x000029a9    0xae  Code  Gb  rt_Task.o [3]
rt_sys_start            0x00002a59    0x68  Code  Gb  rt_Task.o [3]
rt_systick              0x00003283    0x32  Code  Gb  rt_System.o [3]
rt_tid2ptcb             0x00001de5    0x10  Code  Lc  rt_CMSIS.o [3]
rt_timer_insert         0x00002041    0x32  Code  Lc  rt_CMSIS.o [3]
rt_tsk_create           0x0000279f    0xa4  Code  Gb  rt_Task.o [3]
rt_tsk_delete           0x00002843   0x160  Code  Gb  rt_Task.o [3]
rt_tsk_prio             0x00002727    0x78  Code  Gb  rt_Task.o [3]
rt_tsk_self             0x0000271b     0xc  Code  Gb  rt_Task.o [3]
scalbln                 0x00001695          Code  Gb  ldexp.o [6]
scalblnl                0x00001695          Code  Gb  ldexp.o [6]
scalbn                  0x00001695          Code  Gb  ldexp.o [6]
scalbnl                 0x00001695          Code  Gb  ldexp.o [6]
scale                   0x00000a37    0x46  Code  Lc  xprintffuller_nomb.o [4]
sec_hand                0x20001edc     0x4  Data  Lc  xfail_s.o [4]
strchr                  0x00001191          Code  Gb  strchr.o [7]
strlen                  0x000011ed          Code  Gb  strlen.o [7]
svcDelay                0x00002017    0x14  Code  Gb  rt_CMSIS.o [3]
svcKernelInitialize     0x00001df5    0x60  Code  Gb  rt_CMSIS.o [3]
svcKernelStart          0x00001e55    0x40  Code  Gb  rt_CMSIS.o [3]
svcMailCreate           0x00002415    0x4c  Code  Gb  rt_CMSIS.o [3]
svcMessageCreate        0x0000229d    0x26  Code  Gb  rt_CMSIS.o [3]
svcMessageGet           0x000022f9    0x54  Code  Gb  rt_CMSIS.o [3]
svcMessageGet_          0x00002285    0x18  Code  Gb  rt_CMSIS.o [3]
svcMessagePut           0x000022c3    0x36  Code  Gb  rt_CMSIS.o [3]
svcSignalSet            0x00002145    0x20  Code  Gb  rt_CMSIS.o [3]
svcSignalWait           0x0000216b    0x6a  Code  Gb  rt_CMSIS.o [3]
svcSignalWait_          0x0000212d    0x18  Code  Gb  rt_CMSIS.o [3]
svcThreadCreate         0x00001f25    0x68  Code  Gb  rt_CMSIS.o [3]
svcThreadGetId          0x00001f8d    0x16  Code  Gb  rt_CMSIS.o [3]
svcThreadTerminate      0x00001fa3    0x34  Code  Gb  rt_CMSIS.o [3]
svcTimerCall            0x00002073    0x18  Code  Gb  rt_CMSIS.o [3]
sysMailAlloc            0x00002461    0x56  Code  Gb  rt_CMSIS.o [3]
sysMailFree             0x000024b7    0x64  Code  Gb  rt_CMSIS.o [3]
sysTimerTick            0x0000208b    0x62  Code  Gb  rt_CMSIS.o [3]
thread1                 0x00003c4d    0x28  Code  Gb  main.o [1]
thread1_id              0x20001eb8     0x4  Data  Gb  main.o [1]
thread_broker           0x00003bc1    0x8c  Code  Gb  main.o [1]
thread_broker_id        0x20001ebc     0x4  Data  Gb  main.o [1]


[1] = C:\Users\junio\Documents\Facul\Sistemas Embarcados\git\sistemas-embarcados\lab_3\Tiva_RTOS_IAR8\exemplo1\ewarm\Obj
[2] = command line
[3] = RTX_CM4.a
[4] = dl7M_tln.a
[5] = driverlib.a
[6] = m7M_tls.a
[7] = rt7M_tl.a
[8] = shb_l.a

  15 654 bytes of readonly  code memory
     858 bytes of readonly  data memory
   8 163 bytes of readwrite data memory

Errors: none
Warnings: none
