###############################################################################
#
# IAR ELF Linker V8.11.2.13589/W32 for ARM                07/Jun/2018  20:53:25
# Copyright 2007-2017 IAR Systems AB.
#
#    Output file  =  
#        C:\Users\junio\Documents\Facul\Sistemas
#        Embarcados\git\sistemas-embarcados\lab_3\Tiva_RTOS_IAR8\exemplo1\ewarm\Exe\exemplo1.out
#    Map file     =  
#        C:\Users\junio\Documents\Facul\Sistemas
#        Embarcados\git\sistemas-embarcados\lab_3\Tiva_RTOS_IAR8\exemplo1\ewarm\List\exemplo1.map
#    Command line =  
#        -f C:\Users\junio\AppData\Local\Temp\EW3B49.tmp
#        ("C:\Users\junio\Documents\Facul\Sistemas
#        Embarcados\git\sistemas-embarcados\lab_3\Tiva_RTOS_IAR8\exemplo1\ewarm\Obj\driverleds.o"
#        "C:\Users\junio\Documents\Facul\Sistemas
#        Embarcados\git\sistemas-embarcados\lab_3\Tiva_RTOS_IAR8\driverlib\ewarm\Exe\driverlib.a"
#        "C:\Users\junio\Documents\Facul\Sistemas
#        Embarcados\git\sistemas-embarcados\lab_3\Tiva_RTOS_IAR8\exemplo1\ewarm\Obj\main.o"
#        "C:\Users\junio\Documents\Facul\Sistemas
#        Embarcados\git\sistemas-embarcados\lab_3\Tiva_RTOS_IAR8\RTOS\RTX\LIB\IAR\RTX_CM4.a"
#        "C:\Users\junio\Documents\Facul\Sistemas
#        Embarcados\git\sistemas-embarcados\lab_3\Tiva_RTOS_IAR8\exemplo1\ewarm\Obj\RTX_Conf_CM.o"
#        "C:\Users\junio\Documents\Facul\Sistemas
#        Embarcados\git\sistemas-embarcados\lab_3\Tiva_RTOS_IAR8\exemplo1\ewarm\Obj\startup_tm4c1294ncpdt.o"
#        "C:\Users\junio\Documents\Facul\Sistemas
#        Embarcados\git\sistemas-embarcados\lab_3\Tiva_RTOS_IAR8\exemplo1\ewarm\Obj\system_tm4c1294ncpdt.o"
#        -o "C:\Users\junio\Documents\Facul\Sistemas
#        Embarcados\git\sistemas-embarcados\lab_3\Tiva_RTOS_IAR8\exemplo1\ewarm\Exe\exemplo1.out"
#        --map "C:\Users\junio\Documents\Facul\Sistemas
#        Embarcados\git\sistemas-embarcados\lab_3\Tiva_RTOS_IAR8\exemplo1\ewarm\List\exemplo1.map"
#        --config "C:\Program Files (x86)\IAR Systems\Embedded Workbench
#        8.0\arm\config\linker\TexasInstruments\TM4C1294NC.icf" --semihosting
#        --entry __iar_program_start --vfe --text_out locale)
#
###############################################################################

*******************************************************************************
*** MESSAGES
***

Error[Li005]: no definition for "ROM_UARTIntStatus" [referenced from
          C:\Users\junio\Documents\Facul\Sistemas Embarcados\git\sistemas-embar
          cados\lab_3\Tiva_RTOS_IAR8\exemplo1\ewarm\Obj\main.o]
Error[Li005]: no definition for "ROM_UARTIntClear" [referenced from
          C:\Users\junio\Documents\Facul\Sistemas Embarcados\git\sistemas-embar
          cados\lab_3\Tiva_RTOS_IAR8\exemplo1\ewarm\Obj\main.o]
Error[Li005]: no definition for "ROM_UARTCharGetNonBlocking" [referenced from
          C:\Users\junio\Documents\Facul\Sistemas Embarcados\git\sistemas-embar
          cados\lab_3\Tiva_RTOS_IAR8\exemplo1\ewarm\Obj\main.o]
Error[Li005]: no definition for "ROM_UARTCharPutNonBlocking" [referenced from
          C:\Users\junio\Documents\Facul\Sistemas Embarcados\git\sistemas-embar
          cados\lab_3\Tiva_RTOS_IAR8\exemplo1\ewarm\Obj\main.o]
Error[Li005]: no definition for "ROM_UARTCharsAvail" [referenced from
          C:\Users\junio\Documents\Facul\Sistemas Embarcados\git\sistemas-embar
          cados\lab_3\Tiva_RTOS_IAR8\exemplo1\ewarm\Obj\main.o]
Error[Li005]: no definition for "ROM_SysCtlPeripheralEnable" [referenced from
          C:\Users\junio\Documents\Facul\Sistemas Embarcados\git\sistemas-embar
          cados\lab_3\Tiva_RTOS_IAR8\exemplo1\ewarm\Obj\main.o]
Error[Li005]: no definition for "ROM_GPIOPinTypeGPIOOutput" [referenced from
          C:\Users\junio\Documents\Facul\Sistemas Embarcados\git\sistemas-embar
          cados\lab_3\Tiva_RTOS_IAR8\exemplo1\ewarm\Obj\main.o]
Error[Li005]: no definition for "ROM_IntMasterEnable" [referenced from
          C:\Users\junio\Documents\Facul\Sistemas Embarcados\git\sistemas-embar
          cados\lab_3\Tiva_RTOS_IAR8\exemplo1\ewarm\Obj\main.o]
Error[Li005]: no definition for "ROM_GPIOPinTypeUART" [referenced from
          C:\Users\junio\Documents\Facul\Sistemas Embarcados\git\sistemas-embar
          cados\lab_3\Tiva_RTOS_IAR8\exemplo1\ewarm\Obj\main.o]
Error[Li005]: no definition for "ROM_UARTConfigSetExpClk" [referenced from
          C:\Users\junio\Documents\Facul\Sistemas Embarcados\git\sistemas-embar
          cados\lab_3\Tiva_RTOS_IAR8\exemplo1\ewarm\Obj\main.o]
Error[Li005]: no definition for "ROM_IntEnable" [referenced from
          C:\Users\junio\Documents\Facul\Sistemas Embarcados\git\sistemas-embar
          cados\lab_3\Tiva_RTOS_IAR8\exemplo1\ewarm\Obj\main.o]
Error[Li005]: no definition for "ROM_UARTIntEnable" [referenced from
          C:\Users\junio\Documents\Facul\Sistemas Embarcados\git\sistemas-embar
          cados\lab_3\Tiva_RTOS_IAR8\exemplo1\ewarm\Obj\main.o]


*******************************************************************************
*** RUNTIME MODEL ATTRIBUTES
***

CppFlavor       = *
__SystemLibrary = DLib
__dlib_version  = 6


*******************************************************************************
*** HEAP SELECTION
***

The basic heap was selected because some modules are built with
size limitations (and not runtime checking), and --advanced_heap
was not specified.


*******************************************************************************
*** PLACEMENT SUMMARY
***

"A0":  place at 0x00000000 { ro section .intvec };
"P1":  place in [from 0x00000000 to 0x000fffff] { ro };
define block CSTACK with size = 32K, alignment = 8 { };
define block HEAP with size = 64K, alignment = 8 { };
"P2":  place in [from 0x20000000 to 0x2003ffff] {
          rw, block CSTACK, block HEAP };
do not initialize { section .noinit };
initialize by copy { rw };

  Section            Kind        Address    Size  Object
  -------            ----        -------    ----  ------
"A0":                                      0x26c
  .intvec            const    0x00000000   0x26c  startup_tm4c1294ncpdt.o [1]
                            - 0x0000026c   0x26c

"P1":                                     0x2314
  .text              ro code  0x0000026c   0x73c  rt_CMSIS.o [3]
  .text              ro code  0x000009a8    0x96  rt_Memory.o [3]
  .text              ro code  0x00000a3e     0x2  startup_tm4c1294ncpdt.o [1]
  .text              ro code  0x00000a40   0x4b0  rt_Task.o [3]
  .text              ro code  0x00000ef0     0x6  rt_Time.o [3]
  .text              ro code  0x00000ef6     0x2  startup_tm4c1294ncpdt.o [1]
  .text              ro code  0x00000ef8   0x2bc  rt_Mailbox.o [3]
  .text              ro code  0x000011b4    0x34  RTX_Conf_CM.o [1]
  .text              ro code  0x000011e8    0x9a  rt_MemBox.o [3]
  .text              ro code  0x00001282     0x2  startup_tm4c1294ncpdt.o [1]
  .text              ro code  0x00001284   0x230  rt_List.o [3]
  .text              ro code  0x000014b4   0x108  rt_System.o [3]
  .text              ro code  0x000015bc   0x110  HAL_CM.o [3]
  .text              ro code  0x000016cc   0x194  HAL_CM4.o [3]
  .text              ro code  0x00001860    0x24  rt_System.o [3]
  .text              ro code  0x00001884    0x18  rt_Robin.o [3]
  .text              ro code  0x0000189c     0x4  low_level_init.o [4]
  .text              ro code  0x000018a0    0x28  data_init.o [7]
  .text              ro code  0x000018c8     0x4  exit.o [4]
  .text              ro code  0x000018cc    0x38  rt_Semaphore.o [3]
  .text              ro code  0x00001904    0x58  rt_Event.o [3]
  .text              ro code  0x0000195c    0x48  rt_Robin.o [3]
  .text              ro code  0x000019a4     0x6  ABImemclr4.o [7]
  .text              ro code  0x000019aa     0x2  rt_System.o [3]
  .text              ro code  0x000019ac     0xa  cexit.o [7]
  .text              ro code  0x000019b6     0x2  startup_tm4c1294ncpdt.o [1]
  .text              ro code  0x000019b8    0x32  ABImemset48.o [7]
  .text              ro code  0x000019ea     0x2  startup_tm4c1294ncpdt.o [1]
  .text              ro code  0x000019ec    0x14  exit.o [8]
  .text              ro code  0x00001a00    0x68  iarttio.o [8]
  .text              ro code  0x00001a68     0x8  XShttio.o [4]
  .text              ro code  0x00001a70   0x4ac  sysctl.o [5]
  .text              ro code  0x00001f1c   0x1f4  main.o [1]
  .text              ro code  0x00002110    0x28  printf.o [4]
  .text              ro code  0x00002138    0xd8  gpio.o [5]
  .text              ro code  0x00002210    0x1c  system_tm4c1294ncpdt.o [1]
  .text              ro code  0x0000222c   0x13e  xprintftiny.o [4]
  .text              ro code  0x0000236c    0x36  strlen.o [7]
  .text              ro code  0x000023a2    0x40  zero_init3.o [7]
  .rodata            const    0x000023e4    0x3a  RTX_Conf_CM.o [1]
  .text              ro code  0x0000241e    0x2c  copy_init3.o [7]
  .text              ro code  0x0000244c    0x22  fpinit_M.o [6]
  .text              ro code  0x0000246e    0x22  iarwrite.o [8]
  .iar.init_table    const    0x00002490    0x24  - Linker created -
  .text              ro code  0x000024b4    0x20  putchar.o [4]
  .text              ro code  0x000024d4    0x10  write.o [8]
  .text              ro code  0x000024e4    0x1e  dwrite.o [8]
  .text              ro code  0x00002502    0x20  iarwstd.o [8]
  .text              ro code  0x00002522    0x16  xprout.o [4]
  .text              ro code  0x00002538    0x14  startup_tm4c1294ncpdt.o [1]
  .text              ro code  0x0000254c     0xc  cstartup_M.o [7]
  Initializer bytes  const    0x00002558    0x10  <for P2-1> (used: 0x0)
  .rodata            const    0x00002568     0x4  RTX_Conf_CM.o [1]
  .rodata            const    0x0000256c     0x4  RTX_Conf_CM.o [1]
  .rodata            const    0x00002570     0x4  RTX_Conf_CM.o [1]
  .rodata            const    0x00002574     0x4  RTX_Conf_CM.o [1]
  .text              ro code  0x00002578     0x4  startup_tm4c1294ncpdt.o [1]
  .text              const    0x0000257c     0x4  SVC_Table.o [3]
  .rodata            const    0x00002580     0x0  zero_init3.o [7]
  .rodata            const    0x00002580     0x0  copy_init3.o [7]
                            - 0x00002580  0x2314

"P2", part 1 of 3:                          0x10
  P2-1                        0x20000000    0x10  <Init block>
    .data            inited   0x20000000     0x8  main.o [1]
    .data            inited   0x20000008     0x8  XShttio.o [4]
                            - 0x20000010    0x10

"P2", part 2 of 3:                         0x9ec
  .bss               zero     0x20000010   0x4c0  RTX_Conf_CM.o [1]
  .bss               zero     0x200004d0   0x1b0  RTX_Conf_CM.o [1]
  .bss               zero     0x20000680   0x178  RTX_Conf_CM.o [1]
  .bss               zero     0x200007f8    0x84  RTX_Conf_CM.o [1]
  .bss               zero     0x2000087c    0x50  main.o [1]
  .bss               zero     0x200008cc    0x4c  main.o [1]
  .bss               zero     0x20000918    0x3c  rt_Task.o [3]
  .bss               zero     0x20000954    0x30  rt_List.o [3]
  .bss               zero     0x20000984    0x20  RTX_Conf_CM.o [1]
  .bss               zero     0x200009a4    0x1c  RTX_Conf_CM.o [1]
  .bss               zero     0x200009c0    0x10  main.o [1]
  .bss               zero     0x200009d0     0x8  rt_System.o [3]
  .bss               zero     0x200009d8     0x8  rt_Robin.o [3]
  .bss               zero     0x200009e0     0x4  RTX_Conf_CM.o [1]
  .bss               zero     0x200009e4     0x4  RTX_Conf_CM.o [1]
  .bss               zero     0x200009e8     0x4  RTX_Conf_CM.o [1]
  .bss               zero     0x200009ec     0x4  system_tm4c1294ncpdt.o [1]
  .bss               zero     0x200009f0     0x4  rt_CMSIS.o [3]
  .bss               zero     0x200009f4     0x4  rt_Time.o [3]
  .bss               zero     0x200009f8     0x2  rt_CMSIS.o [3]
  .bss               zero     0x200009fa     0x1  HAL_CM.o [3]
                            - 0x200009fb   0x9eb

"P2", part 3 of 3:                         0x100
  .noinit            uninit   0x200009fc   0x100  startup_tm4c1294ncpdt.o [1]
                            - 0x20000afc   0x100


*******************************************************************************
*** INIT TABLE
***

          Address     Size
          -------     ----
Zero (__iar_zero_init3)
    1 destination range, total size 0x9eb:
          0x20000010  0x9eb

Copy (__iar_copy_init3)
    1 source range, total size 0x10:
          0x00002558   0x10
    1 destination range, total size 0x10:
          0x20000000   0x10



*******************************************************************************
*** MODULE SUMMARY
***

    Module                   ro code  ro data  rw data
    ------                   -------  -------  -------
C:\Users\junio\Documents\Facul\Sistemas Embarcados\git\sistemas-embarcados\lab_3\Tiva_RTOS_IAR8\exemplo1\ewarm\Obj: [1]
    RTX_Conf_CM.o                 52       74    2 228
    main.o                       500        8      180
    startup_tm4c1294ncpdt.o       34      620      256
    system_tm4c1294ncpdt.o        28                 4
    --------------------------------------------------
    Total:                       614      702    2 668

command line: [2]
    --------------------------------------------------
    Total:

RTX_CM4.a: [3]
    HAL_CM.o                     272                 1
    HAL_CM4.o                    404
    SVC_Table.o                             4
    rt_CMSIS.o                 1 852                 6
    rt_Event.o                    88
    rt_List.o                    560                48
    rt_Mailbox.o                 700
    rt_MemBox.o                  154
    rt_Memory.o                  150
    rt_Robin.o                    96                 8
    rt_Semaphore.o                56
    rt_System.o                  302                 8
    rt_Task.o                  1 200                60
    rt_Time.o                      6                 4
    --------------------------------------------------
    Total:                     5 840        4      135

dl7M_tln.a: [4]
    XShttio.o                      8        8        8
    exit.o                         4
    low_level_init.o               4
    printf.o                      40
    putchar.o                     32
    xprintftiny.o                318
    xprout.o                      22
    --------------------------------------------------
    Total:                       428        8        8

driverlib.a: [5]
    gpio.o                       216
    sysctl.o                   1 196
    --------------------------------------------------
    Total:                     1 412

m7M_tls.a: [6]
    fpinit_M.o                    34
    --------------------------------------------------
    Total:                        34

rt7M_tl.a: [7]
    ABImemclr4.o                   6
    ABImemset48.o                 50
    cexit.o                       10
    copy_init3.o                  44
    cstartup_M.o                  12
    data_init.o                   40
    strlen.o                      54
    zero_init3.o                  64
    --------------------------------------------------
    Total:                       280

shb_l.a: [8]
    dwrite.o                      30
    exit.o                        20
    iarttio.o                    104
    iarwrite.o                    34
    iarwstd.o                     32
    write.o                       16
    --------------------------------------------------
    Total:                       236

    Gaps                           4        2
    Linker created                         36
------------------------------------------------------
    Grand Total:               8 848      752    2 811


*******************************************************************************
*** ENTRY LIST
***

Entry                      Address   Size  Type      Object
-----                      -------   ----  ----      ------
.iar.init_table$$Base   0x00002490          --   Gb  - Linker created -
.iar.init_table$$Limit  0x000024b4          --   Gb  - Linker created -
BusFault_Handler        0x00001283    0x2  Code  Lc  startup_tm4c1294ncpdt.o [1]
CMSIS_RTOS_API_Version  0x00002568    0x4  Data  Gb  RTX_Conf_CM.o [1]
CMSIS_RTOS_RTX_Version  0x0000256c    0x4  Data  Gb  RTX_Conf_CM.o [1]
DebugMon_Handler        0x000019eb    0x2  Code  Lc  startup_tm4c1294ncpdt.o [1]
GPIOPinConfigure        0x00002141   0x38  Code  Gb  gpio.o [5]
GPIOPinWrite            0x00002139    0x8  Code  Gb  gpio.o [5]
HardFault_Handler       0x00000ef7    0x2  Code  Lc  startup_tm4c1294ncpdt.o [1]
IntDefaultHandler       0x00002579    0x2  Code  Lc  startup_tm4c1294ncpdt.o [1]
MemManage_Handler       0x0000257b    0x2  Code  Lc  startup_tm4c1294ncpdt.o [1]
NMI_Handler             0x00000a3f    0x2  Code  Lc  startup_tm4c1294ncpdt.o [1]
OS_Tick_Handler         0x00001837         Code  Gb  HAL_CM4.o [3]
PendSV_Handler          0x000017cf         Code  Gb  HAL_CM4.o [3]
Region$$Table$$Base     0x00002490          --   Gb  - Linker created -
Region$$Table$$Limit    0x000024b4          --   Gb  - Linker created -
SVC_Count               0x0000257c         Data  Gb  SVC_Table.o [3]
SVC_Handler             0x00001729         Code  Gb  HAL_CM4.o [3]
SVC_Table               0x00002580         Data  Gb  SVC_Table.o [3]
SysCtlClockFreqSet      0x00001a99  0x20a  Code  Gb  sysctl.o [5]
SysCtlDelay             0x00001a91    0x8  Code  Gb  sysctl.o [5]
SysTick_Handler         0x0000182f         Code  Gb  HAL_CM4.o [3]
SystemCoreClock         0x200009ec    0x4  Data  Gb  system_tm4c1294ncpdt.o [1]
SystemInit              0x00002211   0x10  Code  Gb  system_tm4c1294ncpdt.o [1]
UARTIntHandler          0x00001f89   0x56  Code  Gb  main.o [1]
UARTSend                0x00001fdf   0x1c  Code  Gb  main.o [1]
UsageFault_Handler      0x000019b7    0x2  Code  Lc  startup_tm4c1294ncpdt.o [1]
_PrintfTiny             0x00002245  0x126  Code  Gb  xprintftiny.o [4]
_Prout                  0x00002523   0x16  Code  Gb  xprout.o [4]
_SysCtlMemTimingGet     0x00001a71   0x20  Code  Lc  sysctl.o [5]
__aeabi_memclr4         0x000019a5         Code  Gb  ABImemclr4.o [7]
__cmain                 0x000011b9   0x20  Code  Gb  RTX_Conf_CM.o [1]
__disable_irq           0x000011ed    0xc  Code  Lc  rt_MemBox.o [3]
__disable_irq           0x00000efd    0xc  Code  Lc  rt_Mailbox.o [3]
__disable_irq           0x000014b9    0xc  Code  Lc  rt_System.o [3]
__disable_irq           0x00001289    0xc  Code  Lc  rt_List.o [3]
__dwrite                0x000024e5   0x1e  Code  Gb  dwrite.o [8]
__enable_irq            0x000011e9    0x4  Code  Lc  rt_MemBox.o [3]
__enable_irq            0x00000ef9    0x4  Code  Lc  rt_Mailbox.o [3]
__enable_irq            0x000014b5    0x4  Code  Lc  rt_System.o [3]
__enable_irq            0x00001285    0x4  Code  Lc  rt_List.o [3]
__exit                  0x000019ed   0x14  Code  Gb  exit.o [8]
__iar_Memset4_word      0x000019b9         Code  Gb  ABImemset48.o [7]
__iar_Memset8_word      0x000019b9         Code  Gb  ABImemset48.o [7]
__iar_close_ttio        0x00001a01   0x2c  Code  Gb  iarttio.o [8]
__iar_copy_init3        0x0000241f   0x2c  Code  Gb  copy_init3.o [7]
__iar_data_init3        0x000018a1   0x28  Code  Gb  data_init.o [7]
__iar_get_ttio          0x00001a2d   0x38  Code  Gb  iarttio.o [8]
__iar_init_vfp          0x0000244d         Code  Gb  fpinit_M.o [6]
__iar_lookup_ttioh      0x00001a69    0x8  Code  Gb  XShttio.o [4]
__iar_program_start     0x0000254d         Code  Gb  cstartup_M.o [7]
__iar_sh_stdout         0x00002503   0x20  Code  Gb  iarwstd.o [8]
__iar_sh_write          0x0000246f   0x22  Code  Gb  iarwrite.o [8]
__iar_systems$$module {Abs}
                        0x00000001         Data  Gb  command line/config [2]
__iar_ttio_handles      0x20000008    0x8  Data  Lc  XShttio.o [4]
__iar_zero_init3        0x000023a3   0x40  Code  Gb  zero_init3.o [7]
__low_level_init        0x0000189d    0x4  Code  Gb  low_level_init.o [4]
__vector_table          0x00000000  0x26c  Data  Gb  startup_tm4c1294ncpdt.o [1]
__write                 0x000024d5   0x10  Code  Gb  write.o [8]
_alloc_box              0x000016f1         Code  Gb  HAL_CM4.o [3]
_exit                   0x000019ad         Code  Gb  cexit.o [7]
_free_box               0x0000170d         Code  Gb  HAL_CM4.o [3]
_init_box               0x000011f9   0x48  Code  Gb  rt_MemBox.o [3]
dbg_init                0x00001665   0x20  Code  Gb  HAL_CM.o [3]
dbg_msg                 0x200009fa    0x1  Data  Gb  HAL_CM.o [3]
dbg_task_notify         0x00001685   0x20  Code  Gb  HAL_CM.o [3]
dbg_task_switch         0x000016a5    0xc  Code  Gb  HAL_CM.o [3]
exit                    0x000018c9    0x4  Code  Gb  exit.o [4]
g_pppui32XTALtoVCO      0x00001d34  0x1b0  Data  Lc  sysctl.o [5]
g_pui32GPIOBaseAddrs    0x00002180   0x90  Data  Lc  gpio.o [5]
g_pui32VCOFrequencies   0x00001f14    0x8  Data  Lc  sysctl.o [5]
g_pui32Xtals            0x00001cc8   0x6c  Data  Lc  sysctl.o [5]
g_sXTALtoMEMTIM         0x00001ee4   0x30  Data  Lc  sysctl.o [5]
g_ui32SysClock          0x200009cc    0x4  Data  Gb  main.o [1]
isrMessageGet           0x0000073f   0x42  Code  Gb  rt_CMSIS.o [3]
isrMessagePut           0x00000711   0x2e  Code  Gb  rt_CMSIS.o [3]
isr_mbx_receive         0x0000107d   0x4c  Code  Gb  rt_Mailbox.o [3]
isr_mbx_send            0x0000106f    0xe  Code  Gb  rt_Mailbox.o [3]
m_tmr                   0x200009e8    0x4  Data  Gb  RTX_Conf_CM.o [1]
main                    0x00001ffb   0xa6  Code  Gb  main.o [1]
mp_stk                  0x20000010  0x4c0  Data  Gb  RTX_Conf_CM.o [1]
mp_stk_size             0x000023f8    0x4  Data  Gb  RTX_Conf_CM.o [1]
mp_tcb                  0x20000680  0x178  Data  Gb  RTX_Conf_CM.o [1]
mp_tcb_size             0x000023f6    0x2  Data  Gb  RTX_Conf_CM.o [1]
mp_tmr_size             0x0000241c    0x2  Data  Gb  RTX_Conf_CM.o [1]
mqueue                  0x200009c8    0x4  Data  Gb  main.o [1]
osDelay                 0x0000050d   0x14  Code  Gb  rt_CMSIS.o [3]
osKernelInitialize      0x00000359   0x20  Code  Gb  rt_CMSIS.o [3]
osKernelStart           0x00000379   0x70  Code  Gb  rt_CMSIS.o [3]
osMailAlloc             0x00000905   0x18  Code  Gb  rt_CMSIS.o [3]
osMailCreate            0x000008d9   0x26  Code  Gb  rt_CMSIS.o [3]
osMailFree              0x00000929   0x18  Code  Gb  rt_CMSIS.o [3]
osMailGet               0x00000953   0x26  Code  Gb  rt_CMSIS.o [3]
osMailPut               0x00000941   0x12  Code  Gb  rt_CMSIS.o [3]
osMessageGet            0x00000795   0x36  Code  Gb  rt_CMSIS.o [3]
osMessagePut            0x00000781   0x14  Code  Gb  rt_CMSIS.o [3]
osMessageQId_osTimerMessageQ
                        0x200009e4    0x4  Data  Gb  RTX_Conf_CM.o [1]
osThreadCreate          0x000004a5   0x2a  Code  Gb  rt_CMSIS.o [3]
osThreadExit            0x000004e5   0x12  Code  Gb  rt_CMSIS.o [3]
osThreadId_osTimerThread
                        0x200009e0    0x4  Data  Gb  RTX_Conf_CM.o [1]
osThreadYield           0x000004d1   0x14  Code  Gb  rt_CMSIS.o [3]
osTimerThread           0x000005cd   0x40  Code  Gb  rt_CMSIS.o [3]
os_active_TCB           0x200009a4   0x1c  Data  Gb  RTX_Conf_CM.o [1]
os_clockrate            0x00002570    0x4  Data  Gb  RTX_Conf_CM.o [1]
os_dly                  0x20000954   0x18  Data  Gb  rt_List.o [3]
os_error                0x000011b7    0x2  Code  Gb  RTX_Conf_CM.o [1]
os_fifo                 0x200007f8   0x84  Data  Gb  RTX_Conf_CM.o [1]
os_fifo_size            0x00002400    0x1  Data  Gb  RTX_Conf_CM.o [1]
os_flags                0x000023f4    0x1  Data  Gb  RTX_Conf_CM.o [1]
os_idle_TCB             0x20000918   0x34  Data  Gb  rt_Task.o [3]
os_idle_demon           0x000011b5    0x2  Code  Gb  RTX_Conf_CM.o [1]
os_initialized          0x200009f8    0x1  Data  Gb  rt_CMSIS.o [3]
os_lock                 0x200009d0    0x1  Data  Lc  rt_System.o [3]
os_mailQ_def_mqueue     0x00002104    0xc  Data  Gb  main.o [1]
os_mailQ_m_mqueue       0x200008cc   0x4c  Data  Gb  main.o [1]
os_mailQ_p_mqueue       0x20000000    0x8  Data  Gb  main.o [1]
os_mailQ_q_mqueue       0x2000087c   0x50  Data  Gb  main.o [1]
os_maxtaskrun           0x000023e4    0x2  Data  Gb  RTX_Conf_CM.o [1]
os_messageQ_def_osTimerMessageQ
                        0x00002414    0x8  Data  Gb  RTX_Conf_CM.o [1]
os_messageQ_q_osTimerMessageQ
                        0x20000984   0x20  Data  Gb  RTX_Conf_CM.o [1]
os_psh_flag             0x200009d1    0x1  Data  Lc  rt_System.o [3]
os_rdy                  0x2000096c   0x18  Data  Gb  rt_List.o [3]
os_robin                0x200009d8    0x8  Data  Gb  rt_Robin.o [3]
os_rrobin               0x000023ec    0x4  Data  Gb  RTX_Conf_CM.o [1]
os_running              0x200009f9    0x1  Data  Gb  rt_CMSIS.o [3]
os_set_env              0x000016d9         Code  Gb  HAL_CM4.o [3]
os_stack_mem            0x200004d0  0x1b0  Data  Gb  RTX_Conf_CM.o [1]
os_stack_sz             0x000023fc    0x4  Data  Gb  RTX_Conf_CM.o [1]
os_stackinfo            0x000023e8    0x4  Data  Gb  RTX_Conf_CM.o [1]
os_thread_def_main      0x000011d8   0x10  Data  Gb  RTX_Conf_CM.o [1]
os_thread_def_osTimerThread
                        0x00002404   0x10  Data  Gb  RTX_Conf_CM.o [1]
os_thread_def_recv_thread
                        0x000020f4   0x10  Data  Gb  main.o [1]
os_thread_def_send_thread
                        0x000020e4   0x10  Data  Gb  main.o [1]
os_tick_init            0x00001591   0x2c  Code  Wk  rt_System.o [3]
os_tick_irqack          0x000019ab    0x2  Code  Wk  rt_System.o [3]
os_tick_irqn            0x200009d4    0x4  Data  Gb  rt_System.o [3]
os_time                 0x200009f4    0x4  Data  Gb  rt_Time.o [3]
os_timer_head           0x200009f0    0x4  Data  Gb  rt_CMSIS.o [3]
os_timernum             0x00002574    0x4  Data  Gb  RTX_Conf_CM.o [1]
os_trv                  0x000023f0    0x4  Data  Gb  RTX_Conf_CM.o [1]
os_tsk                  0x2000094c    0x8  Data  Gb  rt_Task.o [3]
out                     0x0000222d   0x18  Code  Lc  xprintftiny.o [4]
pend_flags              0x200009d2    0x1  Data  Lc  rt_System.o [3]
printf                  0x00002111   0x28  Code  Gb  printf.o [4]
pui32Stack              0x200009fc  0x100  Data  Lc  startup_tm4c1294ncpdt.o [1]
putchar                 0x000024b5   0x20  Code  Gb  putchar.o [4]
recv_thread             0x00001f5b   0x2e  Code  Gb  main.o [1]
recv_thread_id          0x200009c4    0x4  Data  Gb  main.o [1]
rt_alloc_box            0x00001241   0x1a  Code  Gb  rt_MemBox.o [3]
rt_alloc_mem            0x000009c3   0x48  Code  Gb  rt_Memory.o [3]
rt_block                0x00000aa1   0x2c  Code  Gb  rt_Task.o [3]
rt_chk_robin            0x0000195d   0x48  Code  Wk  rt_Robin.o [3]
rt_dec_dly              0x000013a3   0x68  Code  Gb  rt_List.o [3]
rt_dispatch             0x00000a63   0x3e  Code  Gb  rt_Task.o [3]
rt_dly_wait             0x00000ef1    0x6  Code  Gb  rt_Time.o [3]
rt_evt_psh              0x00001905   0x50  Code  Gb  rt_Event.o [3]
rt_free_box             0x0000125b   0x28  Code  Gb  rt_MemBox.o [3]
rt_free_mem             0x00000a0b   0x34  Code  Gb  rt_Memory.o [3]
rt_get_PSP              0x000016d3         Code  Gb  HAL_CM4.o [3]
rt_get_first            0x000012d3   0x2a  Code  Gb  rt_List.o [3]
rt_get_same_rdy_prio    0x0000130b   0x1e  Code  Gb  rt_List.o [3]
rt_init_mem             0x000009a9   0x1a  Code  Gb  rt_Memory.o [3]
rt_init_robin           0x00001885   0x18  Code  Wk  rt_Robin.o [3]
rt_init_stack           0x000015bd   0x7a  Code  Gb  HAL_CM.o [3]
rt_mbx_check            0x00001065    0xa  Code  Gb  rt_Mailbox.o [3]
rt_mbx_init             0x00000f09   0x1a  Code  Gb  rt_Mailbox.o [3]
rt_mbx_psh              0x000010c9   0xe4  Code  Gb  rt_Mailbox.o [3]
rt_mbx_send             0x00000f23   0x94  Code  Gb  rt_Mailbox.o [3]
rt_mbx_wait             0x00000fb7   0xae  Code  Gb  rt_Mailbox.o [3]
rt_ms2tick              0x0000026d   0x3c  Code  Lc  rt_CMSIS.o [3]
rt_pop_req              0x000014db   0x68  Code  Gb  rt_System.o [3]
rt_psh_req              0x000014c5   0x16  Code  Gb  rt_System.o [3]
rt_psq_enq              0x00001459   0x48  Code  Gb  rt_List.o [3]
rt_put_dly              0x00001355   0x4e  Code  Gb  rt_List.o [3]
rt_put_prio             0x00001295   0x3e  Code  Gb  rt_List.o [3]
rt_put_rdy_first        0x000012fd    0xe  Code  Gb  rt_List.o [3]
rt_resort_prio          0x00001329   0x2c  Code  Gb  rt_List.o [3]
rt_ret_val              0x00001637   0x16  Code  Gb  HAL_CM.o [3]
rt_ret_val2             0x0000164d   0x18  Code  Gb  HAL_CM.o [3]
rt_rmv_dly              0x00001431   0x28  Code  Gb  rt_List.o [3]
rt_rmv_list             0x0000140b   0x26  Code  Gb  rt_List.o [3]
rt_sem_psh              0x000018cd   0x30  Code  Gb  rt_Semaphore.o [3]
rt_set_PSP              0x000016cd         Code  Gb  HAL_CM4.o [3]
rt_stk_check            0x00001861   0x24  Code  Wk  rt_System.o [3]
rt_switch_req           0x00000a41   0x22  Code  Gb  rt_Task.o [3]
rt_sys_init             0x00000d85   0xae  Code  Gb  rt_Task.o [3]
rt_sys_start            0x00000e35   0x68  Code  Gb  rt_Task.o [3]
rt_systick              0x00001543   0x32  Code  Gb  rt_System.o [3]
rt_tid2ptcb             0x000002a9   0x10  Code  Lc  rt_CMSIS.o [3]
rt_timer_insert         0x00000521   0x32  Code  Lc  rt_CMSIS.o [3]
rt_tsk_create           0x00000b7b   0xa4  Code  Gb  rt_Task.o [3]
rt_tsk_delete           0x00000c1f  0x160  Code  Gb  rt_Task.o [3]
rt_tsk_pass             0x00000ad3   0x24  Code  Gb  rt_Task.o [3]
rt_tsk_prio             0x00000b03   0x78  Code  Gb  rt_Task.o [3]
rt_tsk_self             0x00000af7    0xc  Code  Gb  rt_Task.o [3]
send_thread             0x00001f1d   0x34  Code  Gb  main.o [1]
send_thread_id          0x200009c0    0x4  Data  Gb  main.o [1]
strlen                  0x0000236d         Code  Gb  strlen.o [7]
svcDelay                0x000004f7   0x14  Code  Gb  rt_CMSIS.o [3]
svcKernelInitialize     0x000002b9   0x60  Code  Gb  rt_CMSIS.o [3]
svcKernelStart          0x00000319   0x40  Code  Gb  rt_CMSIS.o [3]
svcMailCreate           0x000007d1   0x4c  Code  Gb  rt_CMSIS.o [3]
svcMessageCreate        0x00000659   0x26  Code  Gb  rt_CMSIS.o [3]
svcMessageGet           0x000006b5   0x54  Code  Gb  rt_CMSIS.o [3]
svcMessageGet_          0x00000641   0x18  Code  Gb  rt_CMSIS.o [3]
svcMessagePut           0x0000067f   0x36  Code  Gb  rt_CMSIS.o [3]
svcThreadCreate         0x000003e9   0x68  Code  Gb  rt_CMSIS.o [3]
svcThreadGetId          0x00000451   0x16  Code  Gb  rt_CMSIS.o [3]
svcThreadTerminate      0x00000467   0x34  Code  Gb  rt_CMSIS.o [3]
svcThreadYield          0x0000049b    0xa  Code  Gb  rt_CMSIS.o [3]
svcTimerCall            0x00000553   0x18  Code  Gb  rt_CMSIS.o [3]
sysMailAlloc            0x0000081d   0x56  Code  Gb  rt_CMSIS.o [3]
sysMailFree             0x00000873   0x64  Code  Gb  rt_CMSIS.o [3]
sysTimerTick            0x0000056b   0x62  Code  Gb  rt_CMSIS.o [3]


[1] = C:\Users\junio\Documents\Facul\Sistemas Embarcados\git\sistemas-embarcados\lab_3\Tiva_RTOS_IAR8\exemplo1\ewarm\Obj
[2] = command line
[3] = RTX_CM4.a
[4] = dl7M_tln.a
[5] = driverlib.a
[6] = m7M_tls.a
[7] = rt7M_tl.a
[8] = shb_l.a

  8 848 bytes of readonly  code memory
    752 bytes of readonly  data memory
  2 811 bytes of readwrite data memory

Errors: 12
Warnings: none
