###############################################################################
#
# IAR ELF Linker V8.11.2.13589/W32 for ARM                20/Jun/2018  23:04:00
# Copyright 2007-2017 IAR Systems AB.
#
#    Output file  =  
#        C:\Users\junio\Documents\Facul\Sistemas
#        Embarcados\git\sistemas-embarcados\lab_3\Tiva_RTOS_IAR8\exemplo1\ewarm\Exe\exemplo1.out
#    Map file     =  
#        C:\Users\junio\Documents\Facul\Sistemas
#        Embarcados\git\sistemas-embarcados\lab_3\Tiva_RTOS_IAR8\exemplo1\ewarm\List\exemplo1.map
#    Command line =  
#        -f C:\Users\junio\AppData\Local\Temp\EW698F.tmp
#        ("C:\Users\junio\Documents\Facul\Sistemas
#        Embarcados\git\sistemas-embarcados\lab_3\Tiva_RTOS_IAR8\exemplo1\ewarm\Obj\driverleds.o"
#        "C:\Users\junio\Documents\Facul\Sistemas
#        Embarcados\git\sistemas-embarcados\lab_3\Tiva_RTOS_IAR8\driverlib\ewarm\Exe\driverlib.a"
#        "C:\Users\junio\Documents\Facul\Sistemas
#        Embarcados\git\sistemas-embarcados\lab_3\Tiva_RTOS_IAR8\exemplo1\ewarm\Obj\main.o"
#        "C:\Users\junio\Documents\Facul\Sistemas
#        Embarcados\git\sistemas-embarcados\lab_3\Tiva_RTOS_IAR8\RTOS\RTX\LIB\IAR\RTX_CM4.a"
#        "C:\Users\junio\Documents\Facul\Sistemas
#        Embarcados\git\sistemas-embarcados\lab_3\Tiva_RTOS_IAR8\exemplo1\ewarm\Obj\RTX_Conf_CM.o"
#        "C:\Users\junio\Documents\Facul\Sistemas
#        Embarcados\git\sistemas-embarcados\lab_3\Tiva_RTOS_IAR8\exemplo1\ewarm\Obj\startup_tm4c1294ncpdt.o"
#        "C:\Users\junio\Documents\Facul\Sistemas
#        Embarcados\git\sistemas-embarcados\lab_3\Tiva_RTOS_IAR8\exemplo1\ewarm\Obj\system_tm4c1294ncpdt.o"
#        -o "C:\Users\junio\Documents\Facul\Sistemas
#        Embarcados\git\sistemas-embarcados\lab_3\Tiva_RTOS_IAR8\exemplo1\ewarm\Exe\exemplo1.out"
#        --map "C:\Users\junio\Documents\Facul\Sistemas
#        Embarcados\git\sistemas-embarcados\lab_3\Tiva_RTOS_IAR8\exemplo1\ewarm\List\exemplo1.map"
#        --config "C:\Program Files (x86)\IAR Systems\Embedded Workbench
#        8.0\arm\config\linker\TexasInstruments\TM4C1294NC.icf" --semihosting
#        --entry __iar_program_start --vfe --text_out locale)
#
###############################################################################

*******************************************************************************
*** RUNTIME MODEL ATTRIBUTES
***

CppFlavor       = *
__SystemLibrary = DLib
__dlib_version  = 6


*******************************************************************************
*** HEAP SELECTION
***

The basic heap was selected because some modules are built with
size limitations (and not runtime checking), and --advanced_heap
was not specified.


*******************************************************************************
*** PLACEMENT SUMMARY
***

"A0":  place at 0x00000000 { ro section .intvec };
"P1":  place in [from 0x00000000 to 0x000fffff] { ro };
define block CSTACK with size = 32K, alignment = 8 { };
define block HEAP with size = 64K, alignment = 8 { };
"P2":  place in [from 0x20000000 to 0x2003ffff] {
          rw, block CSTACK, block HEAP };
do not initialize { section .noinit };
initialize by copy { rw };

  Section            Kind        Address    Size  Object
  -------            ----        -------    ----  ------
"A0":                                      0x26c
  .intvec            const    0x00000000   0x26c  startup_tm4c1294ncpdt.o [1]
                            - 0x0000026c   0x26c

"P1":                                     0x3e68
  .text              ro code  0x0000026c   0xf22  xprintffuller_nomb.o [4]
  .text              ro code  0x0000118e     0x2  startup_tm4c1294ncpdt.o [1]
  .text              ro code  0x00001190    0x16  strchr.o [7]
  .text              ro code  0x000011a6     0x2  startup_tm4c1294ncpdt.o [1]
  .text              ro code  0x000011a8    0x44  xfail_s.o [4]
  .text              ro code  0x000011ec    0x36  strlen.o [7]
  .text              ro code  0x00001222     0x2  startup_tm4c1294ncpdt.o [1]
  .text              ro code  0x00001224    0x58  memchr.o [7]
  .text              ro code  0x0000127c     0x4  xmbcurmax.o [4]
  .text              ro code  0x00001280     0x8  xlocale_c.o [4]
  .text              ro code  0x00001288    0xa6  ABImemcpy.o [7]
  .text              ro code  0x0000132e     0x2  startup_tm4c1294ncpdt.o [1]
  .text              ro code  0x00001330    0xee  I64DivMod.o [7]
  .text              ro code  0x00001420   0x1a2  DblMul.o [6]
  .text              ro code  0x000015c4    0x70  frexp.o [6]
  .text              ro code  0x00001634    0x2e  DblCmpLe.o [6]
  .text              ro code  0x00001664    0x2e  DblCmpGe.o [6]
  .text              ro code  0x00001694   0x13a  ldexp.o [6]
  .text              ro code  0x000017d0    0x3a  DblToS32.o [6]
  .text              ro code  0x0000180c    0x22  S32ToDbl.o [6]
  .text              ro code  0x00001830    0xe2  DblSub.o [6]
  .text              ro code  0x00001914   0x246  DblDiv.o [6]
  .text              ro code  0x00001b5c    0x28  DblToU32.o [6]
  .text              ro code  0x00001b84    0x1a  U32ToDbl.o [6]
  .text              ro code  0x00001b9e     0x6  abort.o [4]
  .text              ro code  0x00001ba4    0x12  xencoding_8859_1.o [4]
  .text              ro code  0x00001bb8     0x2  I64DivZer.o [7]
  .text              ro code  0x00001bbc   0x168  DblAdd.o [6]
  .text              ro code  0x00001d24    0x14  exit.o [8]
  .text              ro code  0x00001d38    0x68  iarttio.o [8]
  .text              ro code  0x00001da0     0x8  XShttio.o [4]
  .text              ro code  0x00001da8   0x6f0  rt_CMSIS.o [3]
  .text              ro code  0x00002498    0x96  rt_Memory.o [3]
  .text              ro code  0x00002530   0x48c  rt_Task.o [3]
  .text              ro code  0x000029bc   0x2bc  rt_Mailbox.o [3]
  .text              ro code  0x00002c78    0x34  RTX_Conf_CM.o [1]
  .text              ro code  0x00002cac    0x9a  rt_MemBox.o [3]
  .text              ro code  0x00002d48   0x210  rt_List.o [3]
  .text              ro code  0x00002f58   0x108  rt_System.o [3]
  .text              ro code  0x00003060   0x110  HAL_CM.o [3]
  .text              ro code  0x00003170   0x194  HAL_CM4.o [3]
  .text              ro code  0x00003304    0x24  rt_System.o [3]
  .text              ro code  0x00003328    0x18  rt_Robin.o [3]
  .text              ro code  0x00003340     0x4  low_level_init.o [4]
  .text              ro code  0x00003344    0x28  data_init.o [7]
  .text              ro code  0x0000336c     0x4  exit.o [4]
  .text              ro code  0x00003370    0x38  rt_Semaphore.o [3]
  .text              ro code  0x000033a8    0x58  rt_Event.o [3]
  .text              ro code  0x00003400    0x48  rt_Robin.o [3]
  .text              ro code  0x00003448     0x6  ABImemclr4.o [7]
  .text              ro code  0x0000344e     0x2  rt_System.o [3]
  .text              ro code  0x00003450     0xa  cexit.o [7]
  .text              ro code  0x0000345c    0x32  ABImemset48.o [7]
  .text              ro code  0x00003490   0x4e4  sysctl.o [5]
  .text              ro code  0x00003974   0x220  gpio.o [5]
  .text              ro code  0x00003b94   0x1c4  main.o [1]
  .text              ro code  0x00003d58     0x6  ABImemclr.o [7]
  .text              ro code  0x00003d60    0x28  printf.o [4]
  .text              ro code  0x00003d88    0x1c  system_tm4c1294ncpdt.o [1]
  .text              ro code  0x00003da4    0xd0  driverleds.o [1]
  .text              ro code  0x00003e74    0x5e  ABImemset.o [7]
  .text              ro code  0x00003ed2    0x40  zero_init3.o [7]
  .rodata            const    0x00003f14    0x3a  RTX_Conf_CM.o [1]
  .text              ro code  0x00003f4e    0x2c  copy_init3.o [7]
  .text              ro code  0x00003f7c    0x22  fpinit_M.o [6]
  .text              ro code  0x00003f9e    0x22  iarwrite.o [8]
  .iar.init_table    const    0x00003fc0    0x24  - Linker created -
  .text              ro code  0x00003fe4    0x20  putchar.o [4]
  .text              ro code  0x00004004    0x10  write.o [8]
  .text              ro code  0x00004014    0x1e  dwrite.o [8]
  .text              ro code  0x00004032    0x20  iarwstd.o [8]
  .text              ro code  0x00004052    0x16  xprout.o [4]
  .rodata            const    0x00004068    0x14  startup_tm4c1294ncpdt.o [1]
  .text              ro code  0x0000407c    0x14  startup_tm4c1294ncpdt.o [1]
  .text              ro code  0x00004090     0xc  cstartup_M.o [7]
  .text              ro code  0x0000409c    0x10  startup_tm4c1294ncpdt.o [1]
  Initializer bytes  const    0x000040ac    0x10  <for P2-1>
  .rodata            const    0x000040bc     0x4  RTX_Conf_CM.o [1]
  .rodata            const    0x000040c0     0x4  RTX_Conf_CM.o [1]
  .rodata            const    0x000040c4     0x4  RTX_Conf_CM.o [1]
  .rodata            const    0x000040c8     0x4  RTX_Conf_CM.o [1]
  .text              ro code  0x000040cc     0x4  startup_tm4c1294ncpdt.o [1]
  .text              const    0x000040d0     0x4  SVC_Table.o [3]
  .rodata            const    0x000040d4     0x0  zero_init3.o [7]
  .rodata            const    0x000040d4     0x0  copy_init3.o [7]
                            - 0x000040d4  0x3e68

"P2", part 1 of 3:                          0x10
  P2-1                        0x20000000    0x10  <Init block>
    .data            inited   0x20000000     0x8  main.o [1]
    .data            inited   0x20000008     0x8  XShttio.o [4]
                            - 0x20000010    0x10

"P2", part 2 of 3:                         0xb68
  .bss               zero     0x20000010   0x4c0  RTX_Conf_CM.o [1]
  .bss               zero     0x200004d0   0x1b0  RTX_Conf_CM.o [1]
  .bss               zero     0x20000680   0x178  RTX_Conf_CM.o [1]
  .bss               zero     0x200007f8   0x110  main.o [1]
  .bss               zero     0x20000908   0x10c  main.o [1]
  .bss               zero     0x20000a14    0x84  RTX_Conf_CM.o [1]
  .bss               zero     0x20000a98    0x3c  rt_Task.o [3]
  .bss               zero     0x20000ad4    0x30  rt_List.o [3]
  .bss               zero     0x20000b04    0x20  RTX_Conf_CM.o [1]
  .bss               zero     0x20000b24    0x1c  RTX_Conf_CM.o [1]
  .bss               zero     0x20000b40     0x8  main.o [1]
  .bss               zero     0x20000b48     0x8  rt_System.o [3]
  .bss               zero     0x20000b50     0x8  rt_Robin.o [3]
  .bss               zero     0x20000b58     0x4  RTX_Conf_CM.o [1]
  .bss               zero     0x20000b5c     0x4  RTX_Conf_CM.o [1]
  .bss               zero     0x20000b60     0x4  RTX_Conf_CM.o [1]
  .bss               zero     0x20000b64     0x4  system_tm4c1294ncpdt.o [1]
  .bss               zero     0x20000b68     0x4  rt_CMSIS.o [3]
  .bss               zero     0x20000b6c     0x4  rt_Time.o [3]
  .bss               zero     0x20000b70     0x4  xfail_s.o [4]
  .bss               zero     0x20000b74     0x2  rt_CMSIS.o [3]
  .bss               zero     0x20000b76     0x1  HAL_CM.o [3]
                            - 0x20000b77   0xb67

"P2", part 3 of 3:                         0x100
  .noinit            uninit   0x20000b78   0x100  startup_tm4c1294ncpdt.o [1]
                            - 0x20000c78   0x100


*******************************************************************************
*** INIT TABLE
***

          Address     Size
          -------     ----
Zero (__iar_zero_init3)
    1 destination range, total size 0xb67:
          0x20000010  0xb67

Copy (__iar_copy_init3)
    1 source range, total size 0x10:
          0x000040ac   0x10
    1 destination range, total size 0x10:
          0x20000000   0x10



*******************************************************************************
*** MODULE SUMMARY
***

    Module                   ro code  ro data  rw data
    ------                   -------  -------  -------
C:\Users\junio\Documents\Facul\Sistemas Embarcados\git\sistemas-embarcados\lab_3\Tiva_RTOS_IAR8\exemplo1\ewarm\Obj: [1]
    RTX_Conf_CM.o                 52       74    2 228
    driverleds.o                 208
    main.o                       452        8      556
    startup_tm4c1294ncpdt.o       48      640      256
    system_tm4c1294ncpdt.o        28                 4
    --------------------------------------------------
    Total:                       788      722    3 044

command line: [2]
    --------------------------------------------------
    Total:

RTX_CM4.a: [3]
    HAL_CM.o                     272                 1
    HAL_CM4.o                    404
    SVC_Table.o                             4
    rt_CMSIS.o                 1 776                 6
    rt_Event.o                    88
    rt_List.o                    528                48
    rt_Mailbox.o                 700
    rt_MemBox.o                  154
    rt_Memory.o                  150
    rt_Robin.o                    96                 8
    rt_Semaphore.o                56
    rt_System.o                  302                 8
    rt_Task.o                  1 164                60
    rt_Time.o                                        4
    --------------------------------------------------
    Total:                     5 690        4      135

dl7M_tln.a: [4]
    XShttio.o                      8        8        8
    abort.o                        6
    exit.o                         4
    low_level_init.o               4
    printf.o                      40
    putchar.o                     32
    xencoding_8859_1.o            18
    xfail_s.o                     68                 4
    xlocale_c.o                    8
    xmbcurmax.o                    4
    xprintffuller_nomb.o       3 874
    xprout.o                      22
    --------------------------------------------------
    Total:                     4 088        8       12

driverlib.a: [5]
    gpio.o                       544
    sysctl.o                   1 252
    --------------------------------------------------
    Total:                     1 796

m7M_tls.a: [6]
    DblAdd.o                     360
    DblCmpGe.o                    46
    DblCmpLe.o                    46
    DblDiv.o                     582
    DblMul.o                     418
    DblSub.o                     226
    DblToS32.o                    58
    DblToU32.o                    40
    S32ToDbl.o                    34
    U32ToDbl.o                    26
    fpinit_M.o                    34
    frexp.o                      112
    ldexp.o                      314
    --------------------------------------------------
    Total:                     2 296

rt7M_tl.a: [7]
    ABImemclr.o                    6
    ABImemclr4.o                   6
    ABImemcpy.o                  166
    ABImemset.o                   94
    ABImemset48.o                 50
    I64DivMod.o                  238
    I64DivZer.o                    2
    cexit.o                       10
    copy_init3.o                  44
    cstartup_M.o                  12
    data_init.o                   40
    memchr.o                      88
    strchr.o                      22
    strlen.o                      54
    zero_init3.o                  64
    --------------------------------------------------
    Total:                       896

shb_l.a: [8]
    dwrite.o                      30
    exit.o                        20
    iarttio.o                    104
    iarwrite.o                    34
    iarwstd.o                     32
    write.o                       16
    --------------------------------------------------
    Total:                       236

    Gaps                          34        2
    Linker created                         36
------------------------------------------------------
    Grand Total:              15 824      772    3 191


*******************************************************************************
*** ENTRY LIST
***

Entry                      Address   Size  Type      Object
-----                      -------   ----  ----      ------
.iar.init_table$$Base   0x00003fc0          --   Gb  - Linker created -
.iar.init_table$$Limit  0x00003fe4          --   Gb  - Linker created -
BusFault_Handler        0x000011a7    0x2  Code  Lc  startup_tm4c1294ncpdt.o [1]
CMSIS_RTOS_API_Version  0x000040bc    0x4  Data  Gb  RTX_Conf_CM.o [1]
CMSIS_RTOS_RTX_Version  0x000040c0    0x4  Data  Gb  RTX_Conf_CM.o [1]
DebugMon_Handler        0x0000132f    0x2  Code  Lc  startup_tm4c1294ncpdt.o [1]
GPIODirModeSet          0x00003975   0x28  Code  Gb  gpio.o [5]
GPIOPadConfigSet        0x0000399d  0x104  Code  Gb  gpio.o [5]
GPIOPinConfigure        0x00003ac5   0x38  Code  Gb  gpio.o [5]
GPIOPinTypeGPIOOutput   0x00003aa9    0xa  Code  Gb  gpio.o [5]
GPIOPinWrite            0x00003aa1    0x8  Code  Gb  gpio.o [5]
HardFault_Handler       0x0000409d   0x10  Code  Lc  startup_tm4c1294ncpdt.o [1]
IntDefaultHandler       0x000040cd    0x2  Code  Lc  startup_tm4c1294ncpdt.o [1]
LEDInit                 0x00003da5   0xac  Code  Gb  driverleds.o [1]
LoadInt                 0x0000040b   0x7a  Code  Lc  xprintffuller_nomb.o [4]
MemManage_Handler       0x000040cf    0x2  Code  Lc  startup_tm4c1294ncpdt.o [1]
NMI_Handler             0x0000118f    0x2  Code  Lc  startup_tm4c1294ncpdt.o [1]
OS_Tick_Handler         0x000032db         Code  Gb  HAL_CM4.o [3]
PendSV_Handler          0x00003273         Code  Gb  HAL_CM4.o [3]
Region$$Table$$Base     0x00003fc0          --   Gb  - Linker created -
Region$$Table$$Limit    0x00003fe4          --   Gb  - Linker created -
SVC_Count               0x000040d0         Data  Gb  SVC_Table.o [3]
SVC_Handler             0x000031cd         Code  Gb  HAL_CM4.o [3]
SVC_Table               0x000040d4         Data  Gb  SVC_Table.o [3]
SysCtlClockFreqSet      0x000034f1  0x204  Code  Gb  sysctl.o [5]
SysCtlPeripheralEnable  0x000034d3    0x8  Code  Gb  sysctl.o [5]
SysCtlPeripheralReady   0x000034b1    0x8  Code  Gb  sysctl.o [5]
SysTick_Handler         0x000032d3         Code  Gb  HAL_CM4.o [3]
SystemCoreClock         0x20000b64    0x4  Data  Gb  system_tm4c1294ncpdt.o [1]
SystemInit              0x00003d89   0x10  Code  Gb  system_tm4c1294ncpdt.o [1]
UARTIntHandler          0x00003b95   0x7e  Code  Gb  main.o [1]
UsageFault_Handler      0x00001223    0x2  Code  Lc  startup_tm4c1294ncpdt.o [1]
_Encoding_8859_1_Wctomb
                        0x00001ba5   0x12  Code  Gb  xencoding_8859_1.o [4]
_GenldFullerNoMb        0x00000e97  0x248  Code  Lc  xprintffuller_nomb.o [4]
_LdtobFullerNoMb        0x00000a7d  0x3f0  Code  Lc  xprintffuller_nomb.o [4]
_LitobFullerNoMb        0x00000921  0x116  Code  Lc  xprintffuller_nomb.o [4]
_PrintfFullerNoMb       0x0000026d  0x190  Code  Gb  xprintffuller_nomb.o [4]
_Prout                  0x00004053   0x16  Code  Gb  xprout.o [4]
_PutcharsFullerNoMb     0x000010df   0x2e  Code  Lc  xprintffuller_nomb.o [4]
_PutfldFullerNoMb       0x00000485  0x2d0  Code  Lc  xprintffuller_nomb.o [4]
_PutstrFullerNoMb       0x00000863   0xbe  Code  Lc  xprintffuller_nomb.o [4]
_PuttxtFullerNoMb       0x00000755  0x10e  Code  Lc  xprintffuller_nomb.o [4]
_SysCtlMemTimingGet     0x00003491   0x20  Code  Lc  sysctl.o [5]
__aeabi_cdcmple         0x00001635         Code  Gb  DblCmpLe.o [6]
__aeabi_cdrcmple        0x00001665         Code  Gb  DblCmpGe.o [6]
__aeabi_d2iz            0x000017d1         Code  Gb  DblToS32.o [6]
__aeabi_d2uiz           0x00001b5d         Code  Gb  DblToU32.o [6]
__aeabi_ddiv            0x00001915         Code  Gb  DblDiv.o [6]
__aeabi_dmul            0x00001421         Code  Gb  DblMul.o [6]
__aeabi_dsub            0x00001831         Code  Gb  DblSub.o [6]
__aeabi_i2d             0x0000180d         Code  Gb  S32ToDbl.o [6]
__aeabi_ldiv0           0x00001bb9         Code  Gb  I64DivZer.o [7]
__aeabi_memclr          0x00003d59         Code  Gb  ABImemclr.o [7]
__aeabi_memclr4         0x00003449         Code  Gb  ABImemclr4.o [7]
__aeabi_memcpy          0x00001289         Code  Gb  ABImemcpy.o [7]
__aeabi_memcpy4         0x000012a9         Code  Gb  ABImemcpy.o [7]
__aeabi_memcpy8         0x000012a9         Code  Gb  ABImemcpy.o [7]
__aeabi_ui2d            0x00001b85         Code  Gb  U32ToDbl.o [6]
__aeabi_uldivmod        0x00001331         Code  Gb  I64DivMod.o [7]
__cmain                 0x00002c7d   0x20  Code  Gb  RTX_Conf_CM.o [1]
__disable_irq           0x00002cb1    0xc  Code  Lc  rt_MemBox.o [3]
__disable_irq           0x000029c1    0xc  Code  Lc  rt_Mailbox.o [3]
__disable_irq           0x00002f5d    0xc  Code  Lc  rt_System.o [3]
__disable_irq           0x00002d4d    0xc  Code  Lc  rt_List.o [3]
__dwrite                0x00004015   0x1e  Code  Gb  dwrite.o [8]
__enable_irq            0x00002cad    0x4  Code  Lc  rt_MemBox.o [3]
__enable_irq            0x000029bd    0x4  Code  Lc  rt_Mailbox.o [3]
__enable_irq            0x00002f59    0x4  Code  Lc  rt_System.o [3]
__enable_irq            0x00002d49    0x4  Code  Lc  rt_List.o [3]
__exit                  0x00001d25   0x14  Code  Gb  exit.o [8]
__iar_Fail_s            0x000011a9   0x1e  Code  Gb  xfail_s.o [4]
__iar_Mbcurmax          0x0000127d    0x4  Code  Gb  xmbcurmax.o [4]
__iar_Memchr            0x00001225         Code  Gb  memchr.o [7]
__iar_Memset4_word      0x0000345d         Code  Gb  ABImemset48.o [7]
__iar_Memset8_word      0x0000345d         Code  Gb  ABImemset48.o [7]
__iar_Memset_word       0x00003e75         Code  Gb  ABImemset.o [7]
__iar_Strchr            0x00001191         Code  Gb  strchr.o [7]
__iar_close_ttio        0x00001d39   0x2c  Code  Gb  iarttio.o [8]
__iar_copy_init3        0x00003f4f   0x2c  Code  Gb  copy_init3.o [7]
__iar_dadd              0x00001841         Code  Gb  DblSub.o [6]
__iar_data_init3        0x00003345   0x28  Code  Gb  data_init.o [7]
__iar_dsub              0x00001bbd         Code  Gb  DblAdd.o [6]
__iar_dsubStart         0x00001bcf         Code  Gb  DblAdd.o [6]
__iar_frexp             0x000015d1         Code  Gb  frexp.o [6]
__iar_frexpl            0x000015d1         Code  Gb  frexp.o [6]
__iar_get_ttio          0x00001d65   0x38  Code  Gb  iarttio.o [8]
__iar_init_vfp          0x00003f7d         Code  Gb  fpinit_M.o [6]
__iar_ldexp64           0x00001695         Code  Gb  ldexp.o [6]
__iar_lookup_ttioh      0x00001da1    0x8  Code  Gb  XShttio.o [4]
__iar_program_start     0x00004091         Code  Gb  cstartup_M.o [7]
__iar_scalbln64         0x00001695         Code  Gb  ldexp.o [6]
__iar_scalbn64          0x00001695         Code  Gb  ldexp.o [6]
__iar_sh_stdout         0x00004033   0x20  Code  Gb  iarwstd.o [8]
__iar_sh_write          0x00003f9f   0x22  Code  Gb  iarwrite.o [8]
__iar_softfp___iar_frexp64
                        0x000015c5         Code  Gb  frexp.o [6]
__iar_softfp_frexp      0x000015c5         Code  Gb  frexp.o [6]
__iar_softfp_frexpl     0x000015c5         Code  Gb  frexp.o [6]
__iar_systems$$module {Abs}
                        0x00000001         Data  Gb  command line/config [2]
__iar_ttio_handles      0x20000008    0x8  Data  Lc  XShttio.o [4]
__iar_zero_init3        0x00003ed3   0x40  Code  Gb  zero_init3.o [7]
__low_level_init        0x00003341    0x4  Code  Gb  low_level_init.o [4]
__vector_table          0x00000000  0x26c  Data  Gb  startup_tm4c1294ncpdt.o [1]
__write                 0x00004005   0x10  Code  Gb  write.o [8]
_alloc_box              0x00003195         Code  Gb  HAL_CM4.o [3]
_exit                   0x00003451         Code  Gb  cexit.o [7]
_free_box               0x000031b1         Code  Gb  HAL_CM4.o [3]
_gLocale_wctomb         0x00001285    0x4  Code  Gb  xlocale_c.o [4]
_gLocale_wctombInt      0x00001281    0x4  Code  Gb  xlocale_c.o [4]
_init_box               0x00002cbd   0x48  Code  Gb  rt_MemBox.o [3]
abort                   0x00001b9f    0x6  Code  Gb  abort.o [4]
dbg_init                0x00003109   0x20  Code  Gb  HAL_CM.o [3]
dbg_msg                 0x20000b76    0x1  Data  Gb  HAL_CM.o [3]
dbg_task_notify         0x00003129   0x20  Code  Gb  HAL_CM.o [3]
dbg_task_switch         0x00003149    0xc  Code  Gb  HAL_CM.o [3]
exit                    0x0000336d    0x4  Code  Gb  exit.o [4]
g_pppui32XTALtoVCO      0x0000378c  0x1b0  Data  Lc  sysctl.o [5]
g_pui32GPIOBaseAddrs    0x00003b04   0x90  Data  Lc  gpio.o [5]
g_pui32VCOFrequencies   0x0000396c    0x8  Data  Lc  sysctl.o [5]
g_pui32Xtals            0x00003720   0x6c  Data  Lc  sysctl.o [5]
g_sXTALtoMEMTIM         0x0000393c   0x30  Data  Lc  sysctl.o [5]
g_ui32SysClock          0x20000b44    0x4  Data  Gb  main.o [1]
isrMessageGet           0x00002237   0x42  Code  Gb  rt_CMSIS.o [3]
isrMessagePut           0x00002209   0x2e  Code  Gb  rt_CMSIS.o [3]
isr_mbx_receive         0x00002b41   0x4c  Code  Gb  rt_Mailbox.o [3]
isr_mbx_send            0x00002b33    0xe  Code  Gb  rt_Mailbox.o [3]
ldexp                   0x00001695         Code  Gb  ldexp.o [6]
ldexpl                  0x00001695         Code  Gb  ldexp.o [6]
m_tmr                   0x20000b60    0x4  Data  Gb  RTX_Conf_CM.o [1]
main                    0x00003c13   0xde  Code  Gb  main.o [1]
memchr                  0x00001225         Code  Gb  memchr.o [7]
mp_stk                  0x20000010  0x4c0  Data  Gb  RTX_Conf_CM.o [1]
mp_stk_size             0x00003f28    0x4  Data  Gb  RTX_Conf_CM.o [1]
mp_tcb                  0x20000680  0x178  Data  Gb  RTX_Conf_CM.o [1]
mp_tcb_size             0x00003f26    0x2  Data  Gb  RTX_Conf_CM.o [1]
mp_tmr_size             0x00003f4c    0x2  Data  Gb  RTX_Conf_CM.o [1]
mqueue_id               0x20000b40    0x4  Data  Gb  main.o [1]
osKernelInitialize      0x00001e95   0x20  Code  Gb  rt_CMSIS.o [3]
osKernelStart           0x00001eb5   0x70  Code  Gb  rt_CMSIS.o [3]
osMailAlloc             0x000023fd   0x18  Code  Gb  rt_CMSIS.o [3]
osMailCreate            0x000023d1   0x26  Code  Gb  rt_CMSIS.o [3]
osMailFree              0x0000241d   0x18  Code  Gb  rt_CMSIS.o [3]
osMailGet               0x00002447   0x26  Code  Gb  rt_CMSIS.o [3]
osMailPut               0x00002435   0x12  Code  Gb  rt_CMSIS.o [3]
osMessageGet            0x0000228d   0x36  Code  Gb  rt_CMSIS.o [3]
osMessagePut            0x00002279   0x14  Code  Gb  rt_CMSIS.o [3]
osMessageQId_osTimerMessageQ
                        0x20000b5c    0x4  Data  Gb  RTX_Conf_CM.o [1]
osThreadCreate          0x00001fd9   0x2a  Code  Gb  rt_CMSIS.o [3]
osThreadExit            0x00002005   0x12  Code  Gb  rt_CMSIS.o [3]
osThreadId_osTimerThread
                        0x20000b58    0x4  Data  Gb  RTX_Conf_CM.o [1]
osTimerThread           0x000020c5   0x40  Code  Gb  rt_CMSIS.o [3]
os_active_TCB           0x20000b24   0x1c  Data  Gb  RTX_Conf_CM.o [1]
os_clockrate            0x000040c4    0x4  Data  Gb  RTX_Conf_CM.o [1]
os_dly                  0x20000ad4   0x18  Data  Gb  rt_List.o [3]
os_error                0x00002c7b    0x2  Code  Gb  RTX_Conf_CM.o [1]
os_fifo                 0x20000a14   0x84  Data  Gb  RTX_Conf_CM.o [1]
os_fifo_size            0x00003f30    0x1  Data  Gb  RTX_Conf_CM.o [1]
os_flags                0x00003f24    0x1  Data  Gb  RTX_Conf_CM.o [1]
os_idle_TCB             0x20000a98   0x34  Data  Gb  rt_Task.o [3]
os_idle_demon           0x00002c79    0x2  Code  Gb  RTX_Conf_CM.o [1]
os_initialized          0x20000b74    0x1  Data  Gb  rt_CMSIS.o [3]
os_lock                 0x20000b48    0x1  Data  Lc  rt_System.o [3]
os_mailQ_def_mqueue     0x00003d4c    0xc  Data  Gb  main.o [1]
os_mailQ_m_mqueue       0x20000908  0x10c  Data  Gb  main.o [1]
os_mailQ_p_mqueue       0x20000000    0x8  Data  Gb  main.o [1]
os_mailQ_q_mqueue       0x200007f8  0x110  Data  Gb  main.o [1]
os_maxtaskrun           0x00003f14    0x2  Data  Gb  RTX_Conf_CM.o [1]
os_messageQ_def_osTimerMessageQ
                        0x00003f44    0x8  Data  Gb  RTX_Conf_CM.o [1]
os_messageQ_q_osTimerMessageQ
                        0x20000b04   0x20  Data  Gb  RTX_Conf_CM.o [1]
os_psh_flag             0x20000b49    0x1  Data  Lc  rt_System.o [3]
os_rdy                  0x20000aec   0x18  Data  Gb  rt_List.o [3]
os_robin                0x20000b50    0x8  Data  Gb  rt_Robin.o [3]
os_rrobin               0x00003f1c    0x4  Data  Gb  RTX_Conf_CM.o [1]
os_running              0x20000b75    0x1  Data  Gb  rt_CMSIS.o [3]
os_set_env              0x0000317d         Code  Gb  HAL_CM4.o [3]
os_stack_mem            0x200004d0  0x1b0  Data  Gb  RTX_Conf_CM.o [1]
os_stack_sz             0x00003f2c    0x4  Data  Gb  RTX_Conf_CM.o [1]
os_stackinfo            0x00003f18    0x4  Data  Gb  RTX_Conf_CM.o [1]
os_thread_def_main      0x00002c9c   0x10  Data  Gb  RTX_Conf_CM.o [1]
os_thread_def_osTimerThread
                        0x00003f34   0x10  Data  Gb  RTX_Conf_CM.o [1]
os_tick_init            0x00003035   0x2c  Code  Wk  rt_System.o [3]
os_tick_irqack          0x0000344f    0x2  Code  Wk  rt_System.o [3]
os_tick_irqn            0x20000b4c    0x4  Data  Gb  rt_System.o [3]
os_time                 0x20000b6c    0x4  Data  Gb  rt_Time.o [3]
os_timer_head           0x20000b68    0x4  Data  Gb  rt_CMSIS.o [3]
os_timernum             0x000040c8    0x4  Data  Gb  RTX_Conf_CM.o [1]
os_trv                  0x00003f20    0x4  Data  Gb  RTX_Conf_CM.o [1]
os_tsk                  0x20000acc    0x8  Data  Gb  rt_Task.o [3]
pend_flags              0x20000b4a    0x1  Data  Lc  rt_System.o [3]
printf                  0x00003d61   0x28  Code  Gb  printf.o [4]
pui32Stack              0x20000b78  0x100  Data  Lc  startup_tm4c1294ncpdt.o [1]
putchar                 0x00003fe5   0x20  Code  Gb  putchar.o [4]
rt_alloc_box            0x00002d05   0x1a  Code  Gb  rt_MemBox.o [3]
rt_alloc_mem            0x000024b3   0x48  Code  Gb  rt_Memory.o [3]
rt_block                0x00002591   0x2c  Code  Gb  rt_Task.o [3]
rt_chk_robin            0x00003401   0x48  Code  Wk  rt_Robin.o [3]
rt_dec_dly              0x00002e49   0x68  Code  Gb  rt_List.o [3]
rt_dispatch             0x00002553   0x3e  Code  Gb  rt_Task.o [3]
rt_evt_psh              0x000033a9   0x50  Code  Gb  rt_Event.o [3]
rt_free_box             0x00002d1f   0x28  Code  Gb  rt_MemBox.o [3]
rt_free_mem             0x000024fb   0x34  Code  Gb  rt_Memory.o [3]
rt_get_PSP              0x00003177         Code  Gb  HAL_CM4.o [3]
rt_get_first            0x00002d97   0x2a  Code  Gb  rt_List.o [3]
rt_init_mem             0x00002499   0x1a  Code  Gb  rt_Memory.o [3]
rt_init_robin           0x00003329   0x18  Code  Wk  rt_Robin.o [3]
rt_init_stack           0x00003061   0x7a  Code  Gb  HAL_CM.o [3]
rt_mbx_check            0x00002b29    0xa  Code  Gb  rt_Mailbox.o [3]
rt_mbx_init             0x000029cd   0x1a  Code  Gb  rt_Mailbox.o [3]
rt_mbx_psh              0x00002b8d   0xe4  Code  Gb  rt_Mailbox.o [3]
rt_mbx_send             0x000029e7   0x94  Code  Gb  rt_Mailbox.o [3]
rt_mbx_wait             0x00002a7b   0xae  Code  Gb  rt_Mailbox.o [3]
rt_ms2tick              0x00001da9   0x3c  Code  Lc  rt_CMSIS.o [3]
rt_pop_req              0x00002f7f   0x68  Code  Gb  rt_System.o [3]
rt_psh_req              0x00002f69   0x16  Code  Gb  rt_System.o [3]
rt_psq_enq              0x00002eff   0x48  Code  Gb  rt_List.o [3]
rt_put_dly              0x00002dfb   0x4e  Code  Gb  rt_List.o [3]
rt_put_prio             0x00002d59   0x3e  Code  Gb  rt_List.o [3]
rt_put_rdy_first        0x00002dc1    0xe  Code  Gb  rt_List.o [3]
rt_resort_prio          0x00002dcf   0x2c  Code  Gb  rt_List.o [3]
rt_ret_val              0x000030db   0x16  Code  Gb  HAL_CM.o [3]
rt_ret_val2             0x000030f1   0x18  Code  Gb  HAL_CM.o [3]
rt_rmv_dly              0x00002ed7   0x28  Code  Gb  rt_List.o [3]
rt_rmv_list             0x00002eb1   0x26  Code  Gb  rt_List.o [3]
rt_sem_psh              0x00003371   0x30  Code  Gb  rt_Semaphore.o [3]
rt_set_PSP              0x00003171         Code  Gb  HAL_CM4.o [3]
rt_stk_check            0x00003305   0x24  Code  Wk  rt_System.o [3]
rt_switch_req           0x00002531   0x22  Code  Gb  rt_Task.o [3]
rt_sys_init             0x00002851   0xae  Code  Gb  rt_Task.o [3]
rt_sys_start            0x00002901   0x68  Code  Gb  rt_Task.o [3]
rt_systick              0x00002fe7   0x32  Code  Gb  rt_System.o [3]
rt_tid2ptcb             0x00001de5   0x10  Code  Lc  rt_CMSIS.o [3]
rt_timer_insert         0x00002017   0x32  Code  Lc  rt_CMSIS.o [3]
rt_tsk_create           0x00002647   0xa4  Code  Gb  rt_Task.o [3]
rt_tsk_delete           0x000026eb  0x160  Code  Gb  rt_Task.o [3]
rt_tsk_prio             0x000025cf   0x78  Code  Gb  rt_Task.o [3]
rt_tsk_self             0x000025c3    0xc  Code  Gb  rt_Task.o [3]
scalbln                 0x00001695         Code  Gb  ldexp.o [6]
scalblnl                0x00001695         Code  Gb  ldexp.o [6]
scalbn                  0x00001695         Code  Gb  ldexp.o [6]
scalbnl                 0x00001695         Code  Gb  ldexp.o [6]
scale                   0x00000a37   0x46  Code  Lc  xprintffuller_nomb.o [4]
sec_hand                0x20000b70    0x4  Data  Lc  xfail_s.o [4]
strchr                  0x00001191         Code  Gb  strchr.o [7]
strlen                  0x000011ed         Code  Gb  strlen.o [7]
svcKernelInitialize     0x00001df5   0x60  Code  Gb  rt_CMSIS.o [3]
svcKernelStart          0x00001e55   0x40  Code  Gb  rt_CMSIS.o [3]
svcMailCreate           0x000022c9   0x4c  Code  Gb  rt_CMSIS.o [3]
svcMessageCreate        0x00002151   0x26  Code  Gb  rt_CMSIS.o [3]
svcMessageGet           0x000021ad   0x54  Code  Gb  rt_CMSIS.o [3]
svcMessageGet_          0x00002139   0x18  Code  Gb  rt_CMSIS.o [3]
svcMessagePut           0x00002177   0x36  Code  Gb  rt_CMSIS.o [3]
svcThreadCreate         0x00001f25   0x68  Code  Gb  rt_CMSIS.o [3]
svcThreadGetId          0x00001f8d   0x16  Code  Gb  rt_CMSIS.o [3]
svcThreadTerminate      0x00001fa3   0x34  Code  Gb  rt_CMSIS.o [3]
svcTimerCall            0x00002049   0x18  Code  Gb  rt_CMSIS.o [3]
sysMailAlloc            0x00002315   0x56  Code  Gb  rt_CMSIS.o [3]
sysMailFree             0x0000236b   0x64  Code  Gb  rt_CMSIS.o [3]
sysTimerTick            0x00002061   0x62  Code  Gb  rt_CMSIS.o [3]


[1] = C:\Users\junio\Documents\Facul\Sistemas Embarcados\git\sistemas-embarcados\lab_3\Tiva_RTOS_IAR8\exemplo1\ewarm\Obj
[2] = command line
[3] = RTX_CM4.a
[4] = dl7M_tln.a
[5] = driverlib.a
[6] = m7M_tls.a
[7] = rt7M_tl.a
[8] = shb_l.a

  15 824 bytes of readonly  code memory
     772 bytes of readonly  data memory
   3 191 bytes of readwrite data memory

Errors: none
Warnings: none
